Archive member included to satisfy reference by file (symbol)

E:/devkitPro/libnx/lib\libnx.a(random.o)
                              main.o (randomGet64)
E:/devkitPro/libnx/lib\libnx.a(thread.o)
                              main.o (threadCreate)
E:/devkitPro/libnx/lib\libnx.a(pm.o)
                              main.o (pmshellInitialize)
E:/devkitPro/libnx/lib\libnx.a(ns.o)
                              main.o (nsInitialize)
E:/devkitPro/libnx/lib\libnx.a(set.o)
                              main.o (setsysInitialize)
E:/devkitPro/libnx/lib\libnx.a(fatal.o)
                              main.o (fatalThrow)
E:/devkitPro/libnx/lib\libnx.a(fs.o)
                              main.o (fsInitialize)
E:/devkitPro/libnx/lib\libnx.a(nifm.o)
                              E:/devkitPro/libnx/lib\libnx.a(ns.o) (nifmGetClientId)
E:/devkitPro/libnx/lib\libnx.a(sm.o)
                              main.o (smInitialize)
E:/devkitPro/libnx/lib\libnx.a(hosversion.o)
                              main.o (hosversionGet)
E:/devkitPro/libnx/lib\libnx.a(env.o)
                              main.o (envGetMainThreadHandle)
E:/devkitPro/libnx/lib\libnx.a(alloc.o)
                              E:/devkitPro/libnx/lib\libnx.a(thread.o) (__libnx_aligned_alloc)
E:/devkitPro/libnx/lib\libnx.a(diag.o)
                              E:/devkitPro/libnx/lib\libnx.a(random.o) (diagAbortWithResult)
E:/devkitPro/libnx/lib\libnx.a(fs_dev.o)
                              main.o (fsdevMountSdmc)
E:/devkitPro/libnx/lib\libnx.a(decode_utf8.o)
                              E:/devkitPro/libnx/lib\libnx.a(fs_dev.o) (decode_utf8)
E:/devkitPro/libnx/lib\libnx.a(svc.o)
                              main.o (svcSetHeapSize)
E:/devkitPro/libnx/lib\libnx.a(readtp.o)
                              E:/devkitPro/libnx/lib\libnx.a(fs.o) (__aarch64_read_tp)
E:/devkitPro/libnx/lib\libnx.a(switch_crt0.o)
                              (_start)
E:/devkitPro/libnx/lib\libnx.a(wait.o)
                              E:/devkitPro/libnx/lib\libnx.a(thread.o) (waitHandles)
E:/devkitPro/libnx/lib\libnx.a(tmem.o)
                              E:/devkitPro/libnx/lib\libnx.a(ns.o) (tmemCreate)
E:/devkitPro/libnx/lib\libnx.a(mutex.o)
                              E:/devkitPro/libnx/lib\libnx.a(random.o) (mutexLock)
E:/devkitPro/libnx/lib\libnx.a(virtmem.o)
                              E:/devkitPro/libnx/lib\libnx.a(thread.o) (virtmemLock)
E:/devkitPro/libnx/lib\libnx.a(event.o)
                              E:/devkitPro/libnx/lib\libnx.a(pm.o) (eventLoadRemote)
E:/devkitPro/libnx/lib\libnx.a(sessionmgr.o)
                              E:/devkitPro/libnx/lib\libnx.a(fs.o) (sessionmgrCreate)
E:/devkitPro/libnx/lib\libnx.a(time.o)
                              E:/devkitPro/libnx/lib\libnx.a(fs_dev.o) (timeToPosixTimeWithMyRule)
E:/devkitPro/libnx/lib\libnx.a(dynamic.o)
                              E:/devkitPro/libnx/lib\libnx.a(switch_crt0.o) (__nx_dynamic)
E:/devkitPro/libnx/lib\libnx.a(init.o)
                              E:/devkitPro/libnx/lib\libnx.a(switch_crt0.o) (__libnx_init)
E:/devkitPro/libnx/lib\libnx.a(newlib.o)
                              E:/devkitPro/libnx/lib\libnx.a(init.o) (__libnx_init_time)
E:/devkitPro/libnx/lib\libnx.a(argv.o)
                              E:/devkitPro/libnx/lib\libnx.a(init.o) (argvSetup)
E:/devkitPro/libnx/lib\libnx.a(path_buf.o)
                              E:/devkitPro/libnx/lib\libnx.a(fs_dev.o) (__nx_dev_path_buf)
E:/devkitPro/libnx/lib\libnx.a(shmem.o)
                              E:/devkitPro/libnx/lib\libnx.a(time.o) (shmemLoadRemote)
E:/devkitPro/libnx/lib\libnx.a(condvar.o)
                              E:/devkitPro/libnx/lib\libnx.a(sessionmgr.o) (condvarWaitTimeout)
E:/devkitPro/libnx/lib\libnx.a(applet.o)
                              E:/devkitPro/libnx/lib\libnx.a(init.o) (__nx_applet_type)
E:/devkitPro/libnx/lib\libnx.a(hid.o)
                              E:/devkitPro/libnx/lib\libnx.a(init.o) (hidInitialize)
E:/devkitPro/libnx/lib\libnx.a(nxlink.o)
                              E:/devkitPro/libnx/lib\libnx.a(argv.o) (nxlinkSetup)
E:/devkitPro/libnx/lib\libnx.a(apm.o)
                              E:/devkitPro/libnx/lib\libnx.a(applet.o) (apmInitialize)
e:/devkitpro/devkita64/bin/../lib/gcc/aarch64-none-elf/12.1.0/../../../../aarch64-none-elf/lib/pic\libg.a(lib_a-aligned_alloc.o)
                              E:/devkitPro/libnx/lib\libnx.a(alloc.o) (aligned_alloc)
e:/devkitpro/devkita64/bin/../lib/gcc/aarch64-none-elf/12.1.0/../../../../aarch64-none-elf/lib/pic\libg.a(lib_a-bsearch.o)
                              E:/devkitPro/libnx/lib\libnx.a(fs_dev.o) (bsearch)
e:/devkitpro/devkita64/bin/../lib/gcc/aarch64-none-elf/12.1.0/../../../../aarch64-none-elf/lib/pic\libg.a(lib_a-ctype_.o)
                              E:/devkitPro/libnx/lib\libnx.a(argv.o) (_ctype_)
e:/devkitpro/devkita64/bin/../lib/gcc/aarch64-none-elf/12.1.0/../../../../aarch64-none-elf/lib/pic\libg.a(lib_a-errno.o)
[...]
Memory Configuration

Name             Origin             Length             Attributes
*default*        0x0000000000000000 0xffffffffffffffff

Linker script and memory map

                0x0000000000000000                PROVIDE (__start__ = 0x0)
                0x0000000000000000                . = __start__
                0x0000000000000000                __code_start = .

.text           0x0000000000000000     0xa660
 *(.crt0)
 .crt0          0x0000000000000000      0x140 E:/devkitPro/libnx/lib\libnx.a(switch_crt0.o)
                0x0000000000000000                _start
                0x0000000000000108                __nx_exit
                0x0000000000000118                __nx_mod0
 *(.text.unlikely .text.*_unlikely .text.unlikely.*)
 *(.text.exit .text.exit.*)
 *(.text.startup .text.startup.*)
 .text.startup.main
                0x0000000000000140      0x304 main.o
                0x0000000000000140                main
 *(.text.hot .text.hot.*)
 *(.text .stub .text.* .gnu.linkonce.t.*)
 *fill*         0x0000000000000444        0xc 
 .text.__do_global_dtors_aux
                0x0000000000000450       0x44 e:/devkitpro/devkita64/bin/../lib/gcc/aarch64-none-elf/12.1.0/pic/crtbegin.o
 *fill*         0x0000000000000494        0xc 
 .text.frame_dummy
                0x00000000000004a0       0x24 e:/devkitpro/devkita64/bin/../lib/gcc/aarch64-none-elf/12.1.0/pic/crtbegin.o
 *fill*         0x00000000000004c4        0xc 
 .text.procHandleReceiveThread
                0x00000000000004d0       0x98 main.o
 *fill*         0x0000000000000568        0x8 
 .text.readSetting.constprop.0.isra.0
                0x0000000000000570       0x8c main.o
 *fill*         0x00000000000005fc        0x4 
 .text.__libnx_initheap
                0x0000000000000600       0x2c main.o
                0x0000000000000600                __libnx_initheap
 *fill*         0x000000000000062c        0x4 
 .text.__appInit
                0x0000000000000630       0xa4 main.o
                0x0000000000000630                __appInit
 *fill*         0x00000000000006d4        0xc 
 .text.__wrap_exit
                0x00000000000006e0       0x10 main.o
                0x00000000000006e0                __wrap_exit
 .text.loadNro  0x00000000000006f0      0x4bc main.o
                0x00000000000006f0                loadNro
 .text.nroEntrypointTrampoline
                0x0000000000000bac       0x28 trampoline.o
                0x0000000000000bac                nroEntrypointTrampoline
 .text.__libnx_exception_entry
                0x0000000000000bd4       0x1c trampoline.o
                0x0000000000000bd4                __libnx_exception_entry
 .text.randomGet
                0x0000000000000bf0      0x3dc E:/devkitPro/libnx/lib\libnx.a(random.o)
                0x0000000000000bf0                randomGet
 *fill*         0x0000000000000fcc        0x4 
 .text.randomGet64
                0x0000000000000fd0       0x20 E:/devkitPro/libnx/lib\libnx.a(random.o)
                0x0000000000000fd0                randomGet64
 .text.__libnx_init_thread
                0x0000000000000ff0       0xb0 E:/devkitPro/libnx/lib\libnx.a(thread.o)
                0x0000000000000ff0                __libnx_init_thread
 .text.threadCreate
                0x00000000000010a0      0x29c E:/devkitPro/libnx/lib\libnx.a(thread.o)
                0x00000000000010a0                threadCreate
 *fill*         0x000000000000133c        0x4 
 .text.threadExit
                0x0000000000001340       0xa0 E:/devkitPro/libnx/lib\libnx.a(thread.o)
                0x0000000000001340                threadExit
 .text._EntryWrap
                0x00000000000013e0       0x90 E:/devkitPro/libnx/lib\libnx.a(thread.o)
 .text.threadStart
                0x0000000000001470        0x8 E:/devkitPro/libnx/lib\libnx.a(thread.o)
                0x0000000000001470                threadStart
 *fill*         0x0000000000001478        0x8 
 .text.threadWaitForExit
                0x0000000000001480       0x2c E:/devkitPro/libnx/lib\libnx.a(thread.o)
                0x0000000000001480                threadWaitForExit
 *fill*         0x00000000000014ac        0x4 
 .text.threadClose
                0x00000000000014b0       0x98 E:/devkitPro/libnx/lib\libnx.a(thread.o)
                0x00000000000014b0                threadClose
 *fill*         0x0000000000001548        0x8 
 .text._pmshellCleanup
                0x0000000000001550       0x68 E:/devkitPro/libnx/lib\libnx.a(pm.o)
 *fill*         0x00000000000015b8        0x8 
 .text.pmshellInitialize
                0x00000000000015c0       0xa0 E:/devkitPro/libnx/lib\libnx.a(pm.o)
                0x00000000000015c0                pmshellInitialize
 .text.pmshellExit
                0x0000000000001660       0x44 E:/devkitPro/libnx/lib\libnx.a(pm.o)
                0x0000000000001660                pmshellExit
 *fill*         0x00000000000016a4        0xc 
 .text.pmshellGetApplicationProcessIdForShell
                0x00000000000016b0       0xe8 E:/devkitPro/libnx/lib\libnx.a(pm.o)
                0x00000000000016b0                pmshellGetApplicationProcessIdForShell
 *fill*         0x0000000000001798        0x8 
 .text._nsCleanup
                0x00000000000017a0       0xb4 E:/devkitPro/libnx/lib\libnx.a(ns.o)
 *fill*         0x0000000000001854        0xc 
 .text._nsGetSession.isra.0
                0x0000000000001860       0xf4 E:/devkitPro/libnx/lib\libnx.a(ns.o)
 *fill*         0x0000000000001954        0xc 
 .text.nsInitialize
                0x0000000000001960      0x28c E:/devkitPro/libnx/lib\libnx.a(ns.o)
                0x0000000000001960                nsInitialize
 *fill*         0x0000000000001bec        0x4 
 .text.nsExit   0x0000000000001bf0       0x44 E:/devkitPro/libnx/lib\libnx.a(ns.o)
                0x0000000000001bf0                nsExit
 *fill*         0x0000000000001c34        0xc 
 .text.nsGetReadOnlyApplicationControlDataInterface
                0x0000000000001c40       0x5c E:/devkitPro/libnx/lib\libnx.a(ns.o)
                0x0000000000001c40                nsGetReadOnlyApplicationControlDataInterface
 *fill*         0x0000000000001c9c        0x4 
 .text.nsGetApplicationManagerInterface
                0x0000000000001ca0       0x58 E:/devkitPro/libnx/lib\libnx.a(ns.o)
                0x0000000000001ca0                nsGetApplicationManagerInterface
 *fill*         0x0000000000001cf8        0x8 
 .text.nsGetApplicationControlData
                0x0000000000001d00      0x218 E:/devkitPro/libnx/lib\libnx.a(ns.o)
                0x0000000000001d00                nsGetApplicationControlData
 *fill*         0x0000000000001f18        0x8 
 .text._setsysGetFirmwareVersionImpl
                0x0000000000001f20       0xd4 E:/devkitPro/libnx/lib\libnx.a(set.o)
 *fill*         0x0000000000001ff4        0xc 
 .text._setsysCleanup
                0x0000000000002000       0x68 E:/devkitPro/libnx/lib\libnx.a(set.o)
 *fill*         0x0000000000002068        0x8 
 .text.setsysInitialize
                0x0000000000002070       0xa0 E:/devkitPro/libnx/lib\libnx.a(set.o)
                0x0000000000002070                setsysInitialize
 .text.setsysExit
                0x0000000000002110       0x44 E:/devkitPro/libnx/lib\libnx.a(set.o)
                0x0000000000002110                setsysExit
 *fill*         0x0000000000002154        0xc 
 .text.setsysGetFirmwareVersion
                0x0000000000002160       0x44 E:/devkitPro/libnx/lib\libnx.a(set.o)
                0x0000000000002160                setsysGetFirmwareVersion
 *fill*         0x00000000000021a4        0xc 
 .text.setsysGetSettingsItemValueSize
                0x00000000000021b0      0x148 E:/devkitPro/libnx/lib\libnx.a(set.o)
                0x00000000000021b0                setsysGetSettingsItemValueSize
 *fill*         0x00000000000022f8        0x8 
 .text.setsysGetSettingsItemValue
                0x0000000000002300      0x174 E:/devkitPro/libnx/lib\libnx.a(set.o)
                0x0000000000002300                setsysGetSettingsItemValue
 *fill*         0x0000000000002474        0xc 
 .text._fatalCmd
                0x0000000000002480      0x1c8 E:/devkitPro/libnx/lib\libnx.a(fatal.o)
 *fill*         0x0000000000002648        0x8 
 .text.fatalThrowWithPolicy
                0x0000000000002650        0xc E:/devkitPro/libnx/lib\libnx.a(fatal.o)
                0x0000000000002650                fatalThrowWithPolicy
 *fill*         0x000000000000265c        0x4 
 .text.fatalThrow
                0x0000000000002660       0x14 E:/devkitPro/libnx/lib\libnx.a(fatal.o)
                0x0000000000002660                fatalThrow
 *fill*         0x0000000000002674        0xc 
 .text._fsCleanup
                0x0000000000002680       0xb4 E:/devkitPro/libnx/lib\libnx.a(fs.o)
 *fill*         0x0000000000002734        0xc 
 .text._fsCmdNoIO
                0x0000000000002740      0x1b0 E:/devkitPro/libnx/lib\libnx.a(fs.o)
 .text._fsFsCmdWithInPath
                0x00000000000028f0      0x1d0 E:/devkitPro/libnx/lib\libnx.a(fs.o)
 .text._fsFsCmdWithTwoInPaths
                0x0000000000002ac0      0x1f8 E:/devkitPro/libnx/lib\libnx.a(fs.o)
 *fill*         0x0000000000002cb8        0x8 
 .text._fsFsOpenCommon
                0x0000000000002cc0      0x23c E:/devkitPro/libnx/lib\libnx.a(fs.o)
 *fill*         0x0000000000002efc        0x4 
 .text._fsFsCmdWithInPathAndOutU64
                0x0000000000002f00      0x1ec E:/devkitPro/libnx/lib\libnx.a(fs.o)
 *fill*         0x00000000000030ec        0x4 
 .text._fsObjectClose
                0x00000000000030f0       0xf4 E:/devkitPro/libnx/lib\libnx.a(fs.o)
 *fill*         0x00000000000031e4        0xc 
 .text._fsCmdGetSession.constprop.0
                0x00000000000031f0      0x17c E:/devkitPro/libnx/lib\libnx.a(fs.o)
 *fill*         0x000000000000336c        0x4 
 .text.fsInitialize
                0x0000000000003370      0x304 E:/devkitPro/libnx/lib\libnx.a(fs.o)
                0x0000000000003370                fsInitialize
 *fill*         0x0000000000003674        0xc 
 .text.fsOpenSdCardFileSystem
                0x0000000000003680        0x8 E:/devkitPro/libnx/lib\libnx.a(fs.o)
                0x0000000000003680                fsOpenSdCardFileSystem
 *fill*         0x0000000000003688        0x8 
 .text.fsFsCreateFile
                0x0000000000003690      0x1e0 E:/devkitPro/libnx/lib\libnx.a(fs.o)
                0x0000000000003690                fsFsCreateFile
 .text.fsFsDeleteFile
                0x0000000000003870        0x8 E:/devkitPro/libnx/lib\libnx.a(fs.o)
                0x0000000000003870                fsFsDeleteFile
 *fill*         0x0000000000003878        0x8 
 .text.fsFsCreateDirectory
                0x0000000000003880        0x8 E:/devkitPro/libnx/lib\libnx.a(fs.o)
                0x0000000000003880                fsFsCreateDirectory
 *fill*         0x0000000000003888        0x8 
 .text.fsFsDeleteDirectory
                0x0000000000003890        0x8 E:/devkitPro/libnx/lib\libnx.a(fs.o)
                0x0000000000003890                fsFsDeleteDirectory
 *fill*         0x0000000000003898        0x8 
 .text.fsFsRenameFile
                0x00000000000038a0        0x8 E:/devkitPro/libnx/lib\libnx.a(fs.o)
                0x00000000000038a0                fsFsRenameFile
 *fill*         0x00000000000038a8        0x8 
 .text.fsFsRenameDirectory
                0x00000000000038b0        0x8 E:/devkitPro/libnx/lib\libnx.a(fs.o)
                0x00000000000038b0                fsFsRenameDirectory
 *fill*         0x00000000000038b8        0x8 
 .text.fsFsGetEntryType
                0x00000000000038c0      0x1e8 E:/devkitPro/libnx/lib\libnx.a(fs.o)
                0x00000000000038c0                fsFsGetEntryType
 *fill*         0x0000000000003aa8        0x8 
 .text.fsFsOpenFile
                0x0000000000003ab0        0x8 E:/devkitPro/libnx/lib\libnx.a(fs.o)
                0x0000000000003ab0                fsFsOpenFile
 *fill*         0x0000000000003ab8        0x8 
 .text.fsFsOpenDirectory
                0x0000000000003ac0        0x8 E:/devkitPro/libnx/lib\libnx.a(fs.o)
                0x0000000000003ac0                fsFsOpenDirectory
 *fill*         0x0000000000003ac8        0x8 
 .text.fsFsGetFreeSpace
                0x0000000000003ad0        0x8 E:/devkitPro/libnx/lib\libnx.a(fs.o)
                0x0000000000003ad0                fsFsGetFreeSpace
 *fill*         0x0000000000003ad8        0x8 
 .text.fsFsGetTotalSpace
                0x0000000000003ae0        0x8 E:/devkitPro/libnx/lib\libnx.a(fs.o)
                0x0000000000003ae0                fsFsGetTotalSpace
 *fill*         0x0000000000003ae8        0x8 
 .text.fsFsGetFileTimeStampRaw
                0x0000000000003af0      0x230 E:/devkitPro/libnx/lib\libnx.a(fs.o)
                0x0000000000003af0                fsFsGetFileTimeStampRaw
 .text.fsFsClose
                0x0000000000003d20        0x4 E:/devkitPro/libnx/lib\libnx.a(fs.o)
                0x0000000000003d20                fsFsClose
 *fill*         0x0000000000003d24        0xc 
 .text.fsFileRead
                0x0000000000003d30      0x20c E:/devkitPro/libnx/lib\libnx.a(fs.o)
                0x0000000000003d30                fsFileRead
 *fill*         0x0000000000003f3c        0x4 
 .text.fsFileWrite
                0x0000000000003f40      0x1fc E:/devkitPro/libnx/lib\libnx.a(fs.o)
                0x0000000000003f40                fsFileWrite
 *fill*         0x000000000000413c        0x4 
 .text.fsFileFlush
                0x0000000000004140        0x8 E:/devkitPro/libnx/lib\libnx.a(fs.o)
                0x0000000000004140                fsFileFlush
 *fill*         0x0000000000004148        0x8 
 .text.fsFileSetSize
                0x0000000000004150      0x1b4 E:/devkitPro/libnx/lib\libnx.a(fs.o)
                0x0000000000004150                fsFileSetSize
 *fill*         0x0000000000004304        0xc 
 .text.fsFileGetSize
                0x0000000000004310      0x1c4 E:/devkitPro/libnx/lib\libnx.a(fs.o)
                0x0000000000004310                fsFileGetSize
 *fill*         0x00000000000044d4        0xc 
 .text.fsFileClose
                0x00000000000044e0        0x4 E:/devkitPro/libnx/lib\libnx.a(fs.o)
                0x00000000000044e0                fsFileClose
 *fill*         0x00000000000044e4        0xc 
 .text.fsDirClose
                0x00000000000044f0        0x4 E:/devkitPro/libnx/lib\libnx.a(fs.o)
                0x00000000000044f0                fsDirClose
 *fill*         0x00000000000044f4        0xc 
 .text.fsDirRead
                0x0000000000004500      0x200 E:/devkitPro/libnx/lib\libnx.a(fs.o)
                0x0000000000004500                fsDirRead
 .text._smCmifCmdInPid
                0x0000000000004700       0xd0 E:/devkitPro/libnx/lib\libnx.a(sm.o)
 .text._smCleanup
                0x00000000000047d0       0x68 E:/devkitPro/libnx/lib\libnx.a(sm.o)
 *fill*         0x0000000000004838        0x8 
 .text.smAddOverrideHandle
                0x0000000000004840       0x48 E:/devkitPro/libnx/lib\libnx.a(sm.o)
                0x0000000000004840                smAddOverrideHandle
 *fill*         0x0000000000004888        0x8 
 .text.smGetServiceOverride
                0x0000000000004890       0x54 E:/devkitPro/libnx/lib\libnx.a(sm.o)
                0x0000000000004890                smGetServiceOverride
 *fill*         0x00000000000048e4        0xc 
 .text.smInitialize
                0x00000000000048f0      0x1c0 E:/devkitPro/libnx/lib\libnx.a(sm.o)
                0x00000000000048f0                smInitialize
 .text.smExit   0x0000000000004ab0       0x44 E:/devkitPro/libnx/lib\libnx.a(sm.o)
                0x0000000000004ab0                smExit
 *fill*         0x0000000000004af4        0xc 
 .text.smGetServiceOriginal
                0x0000000000004b00       0xd0 E:/devkitPro/libnx/lib\libnx.a(sm.o)
                0x0000000000004b00                smGetServiceOriginal
 .text.smGetServiceWrapper
                0x0000000000004bd0      0x120 E:/devkitPro/libnx/lib\libnx.a(sm.o)
                0x0000000000004bd0                smGetServiceWrapper
 .text.hosversionGet
                0x0000000000004cf0       0x14 E:/devkitPro/libnx/lib\libnx.a(hosversion.o)
                0x0000000000004cf0                hosversionGet
 *fill*         0x0000000000004d04        0xc 
 .text.hosversionSet
                0x0000000000004d10       0x10 E:/devkitPro/libnx/lib\libnx.a(hosversion.o)
                0x0000000000004d10                hosversionSet
 .text.envSetup
                0x0000000000004d20      0x1f8 E:/devkitPro/libnx/lib\libnx.a(env.o)
                0x0000000000004d20                envSetup
 *fill*         0x0000000000004f18        0x8 
 .text.envGetMainThreadHandle
                0x0000000000004f20       0x20 E:/devkitPro/libnx/lib\libnx.a(env.o)
                0x0000000000004f20                envGetMainThreadHandle
 .text.envIsNso
                0x0000000000004f40        0xc E:/devkitPro/libnx/lib\libnx.a(env.o)
                0x0000000000004f40                envIsNso
 *fill*         0x0000000000004f4c        0x4 
 .text.envHasArgv
                0x0000000000004f50       0x14 E:/devkitPro/libnx/lib\libnx.a(env.o)
                0x0000000000004f50                envHasArgv
 *fill*         0x0000000000004f64        0xc 
 .text.envGetArgv
                0x0000000000004f70        0xc E:/devkitPro/libnx/lib\libnx.a(env.o)
                0x0000000000004f70                envGetArgv
 *fill*         0x0000000000004f7c        0x4 
 .text.envHasRandomSeed
                0x0000000000004f80        0xc E:/devkitPro/libnx/lib\libnx.a(env.o)
                0x0000000000004f80                envHasRandomSeed
 *fill*         0x0000000000004f8c        0x4 
 .text.envGetRandomSeed
                0x0000000000004f90       0x10 E:/devkitPro/libnx/lib\libnx.a(env.o)
                0x0000000000004f90                envGetRandomSeed
 .text.__libnx_alloc
                0x0000000000004fa0        0x4 E:/devkitPro/libnx/lib\libnx.a(alloc.o)
                0x0000000000004fa0                __libnx_alloc
 *fill*         0x0000000000004fa4        0xc 
 .text.__libnx_aligned_alloc
                0x0000000000004fb0       0x14 E:/devkitPro/libnx/lib\libnx.a(alloc.o)
                0x0000000000004fb0                __libnx_aligned_alloc
 *fill*         0x0000000000004fc4        0xc 
 .text.__libnx_free
                0x0000000000004fd0        0x4 E:/devkitPro/libnx/lib\libnx.a(alloc.o)
                0x0000000000004fd0                __libnx_free
 *fill*         0x0000000000004fd4        0xc 
 .text.diagAbortWithResult
                0x0000000000004fe0       0x1c E:/devkitPro/libnx/lib\libnx.a(diag.o)
                0x0000000000004fe0                diagAbortWithResult
 *fill*         0x0000000000004ffc        0x4 
 .text.fsdev_link
                0x0000000000005000       0x14 E:/devkitPro/libnx/lib\libnx.a(fs_dev.o)
 *fill*         0x0000000000005014        0xc 
 .text.fsdev_dirreset
                0x0000000000005020       0x14 E:/devkitPro/libnx/lib\libnx.a(fs_dev.o)
 *fill*         0x0000000000005034        0xc 
 .text.fsdev_chmod
                0x0000000000005040       0x14 E:/devkitPro/libnx/lib\libnx.a(fs_dev.o)
 *fill*         0x0000000000005054        0xc 
 .text.error_cmp
                0x0000000000005060       0x18 E:/devkitPro/libnx/lib\libnx.a(fs_dev.o)
 *fill*         0x0000000000005078        0x8 
 .text.fsdev_dirclose
                0x0000000000005080       0x20 E:/devkitPro/libnx/lib\libnx.a(fs_dev.o)
 .text.fsdev_close
                0x00000000000050a0       0x1c E:/devkitPro/libnx/lib\libnx.a(fs_dev.o)
 *fill*         0x00000000000050bc        0x4 
 .text.fsdev_converttimetoutc
                0x00000000000050c0       0x80 E:/devkitPro/libnx/lib\libnx.a(fs_dev.o)
 .text.fsdevFindDevice.part.0
                0x0000000000005140       0xc8 E:/devkitPro/libnx/lib\libnx.a(fs_dev.o)
 *fill*         0x0000000000005208        0x8 
 .text.fsdev_fixpath
                0x0000000000005210      0x1ac E:/devkitPro/libnx/lib\libnx.a(fs_dev.o)
 *fill*         0x00000000000053bc        0x4 
 .text._fsdevUnmountDeviceStruct.part.0
                0x00000000000053c0       0xa0 E:/devkitPro/libnx/lib\libnx.a(fs_dev.o)
 .text.fsdev_fchmod
                0x0000000000005460       0x14 E:/devkitPro/libnx/lib\libnx.a(fs_dev.o)
 *fill*         0x0000000000005474        0xc 
 .text.fsdev_diropen
                0x0000000000005480      0x108 E:/devkitPro/libnx/lib\libnx.a(fs_dev.o)
 *fill*         0x0000000000005588        0x8 
 .text.fsdev_statvfs
                0x0000000000005590       0xfc E:/devkitPro/libnx/lib\libnx.a(fs_dev.o)
 *fill*         0x000000000000568c        0x4 
 .text.fsdev_fsync
                0x0000000000005690       0x7c E:/devkitPro/libnx/lib\libnx.a(fs_dev.o)
 *fill*         0x000000000000570c        0x4 
 .text.fsdev_fstat
                0x0000000000005710       0xf4 E:/devkitPro/libnx/lib\libnx.a(fs_dev.o)
 *fill*         0x0000000000005804        0xc 
 .text.fsdev_ftruncate
                0x0000000000005810       0x8c E:/devkitPro/libnx/lib\libnx.a(fs_dev.o)
 *fill*         0x000000000000589c        0x4 
 .text.fsdev_stat
                0x00000000000058a0      0x1fc E:/devkitPro/libnx/lib\libnx.a(fs_dev.o)
 *fill*         0x0000000000005a9c        0x4 
 .text.fsdev_rename
                0x0000000000005aa0      0x14c E:/devkitPro/libnx/lib\libnx.a(fs_dev.o)
 *fill*         0x0000000000005bec        0x4 
 .text.fsdev_chdir
                0x0000000000005bf0      0x140 E:/devkitPro/libnx/lib\libnx.a(fs_dev.o)
 .text.fsdev_mkdir
                0x0000000000005d30       0xa4 E:/devkitPro/libnx/lib\libnx.a(fs_dev.o)
 *fill*         0x0000000000005dd4        0xc 
 .text.fsdev_unlink
                0x0000000000005de0       0xa4 E:/devkitPro/libnx/lib\libnx.a(fs_dev.o)
 *fill*         0x0000000000005e84        0xc 
 .text.fsdev_rmdir
                0x0000000000005e90       0xa4 E:/devkitPro/libnx/lib\libnx.a(fs_dev.o)
 *fill*         0x0000000000005f34        0xc 
 .text.fsdev_write_safe
                0x0000000000005f40      0x13c E:/devkitPro/libnx/lib\libnx.a(fs_dev.o)
 *fill*         0x000000000000607c        0x4 
 .text.fsdev_read_safe
                0x0000000000006080      0x13c E:/devkitPro/libnx/lib\libnx.a(fs_dev.o)
 *fill*         0x00000000000061bc        0x4 
 .text.fsdev_read
                0x00000000000061c0      0x104 E:/devkitPro/libnx/lib\libnx.a(fs_dev.o)
 *fill*         0x00000000000062c4        0xc 
 .text.fsdev_dirnext
                0x00000000000062d0      0x1a0 E:/devkitPro/libnx/lib\libnx.a(fs_dev.o)
 .text.fsdev_write
                0x0000000000006470      0x11c E:/devkitPro/libnx/lib\libnx.a(fs_dev.o)
 *fill*         0x000000000000658c        0x4 
 .text.fsdev_seek
                0x0000000000006590       0xf0 E:/devkitPro/libnx/lib\libnx.a(fs_dev.o)
 .text.fsdev_open
                0x0000000000006680      0x23c E:/devkitPro/libnx/lib\libnx.a(fs_dev.o)
 *fill*         0x00000000000068bc        0x4 
 .text.fsdevMountDevice
                0x00000000000068c0      0x214 E:/devkitPro/libnx/lib\libnx.a(fs_dev.o)
                0x00000000000068c0                fsdevMountDevice
 *fill*         0x0000000000006ad4        0xc 
 .text.fsdevMountSdmc
                0x0000000000006ae0       0x40 E:/devkitPro/libnx/lib\libnx.a(fs_dev.o)
                0x0000000000006ae0                fsdevMountSdmc
 .text.fsdevUnmountAll
                0x0000000000006b20       0x64 E:/devkitPro/libnx/lib\libnx.a(fs_dev.o)
                0x0000000000006b20                fsdevUnmountAll
 *fill*         0x0000000000006b84        0xc 
 .text.decode_utf8
                0x0000000000006b90      0x12c E:/devkitPro/libnx/lib\libnx.a(decode_utf8.o)
                0x0000000000006b90                decode_utf8
 .text.svcSetHeapSize
                0x0000000000006cbc       0x14 E:/devkitPro/libnx/lib\libnx.a(svc.o)
                0x0000000000006cbc                svcSetHeapSize
 .text.svcMapMemory
                0x0000000000006cd0        0x8 E:/devkitPro/libnx/lib\libnx.a(svc.o)
                0x0000000000006cd0                svcMapMemory
 .text.svcUnmapMemory
                0x0000000000006cd8        0x8 E:/devkitPro/libnx/lib\libnx.a(svc.o)
                0x0000000000006cd8                svcUnmapMemory
 .text.svcQueryMemory
                0x0000000000006ce0       0x14 E:/devkitPro/libnx/lib\libnx.a(svc.o)
                0x0000000000006ce0                svcQueryMemory
 .text.svcExitProcess
                0x0000000000006cf4        0x8 E:/devkitPro/libnx/lib\libnx.a(svc.o)
                0x0000000000006cf4                svcExitProcess
 .text.svcCreateThread
                0x0000000000006cfc       0x14 E:/devkitPro/libnx/lib\libnx.a(svc.o)
                0x0000000000006cfc                svcCreateThread
 .text.svcStartThread
                0x0000000000006d10        0x8 E:/devkitPro/libnx/lib\libnx.a(svc.o)
                0x0000000000006d10                svcStartThread
 .text.svcExitThread
                0x0000000000006d18        0x8 E:/devkitPro/libnx/lib\libnx.a(svc.o)
                0x0000000000006d18                svcExitThread
 .text.svcSleepThread
                0x0000000000006d20        0x8 E:/devkitPro/libnx/lib\libnx.a(svc.o)
                0x0000000000006d20                svcSleepThread
 .text.svcCloseHandle
                0x0000000000006d28        0x8 E:/devkitPro/libnx/lib\libnx.a(svc.o)
                0x0000000000006d28                svcCloseHandle
 .text.svcWaitSynchronization
                0x0000000000006d30       0x14 E:/devkitPro/libnx/lib\libnx.a(svc.o)
                0x0000000000006d30                svcWaitSynchronization
 .text.svcArbitrateLock
                0x0000000000006d44        0x8 E:/devkitPro/libnx/lib\libnx.a(svc.o)
                0x0000000000006d44                svcArbitrateLock
 .text.svcArbitrateUnlock
                0x0000000000006d4c        0x8 E:/devkitPro/libnx/lib\libnx.a(svc.o)
                0x0000000000006d4c                svcArbitrateUnlock
 .text.svcWaitProcessWideKeyAtomic
                0x0000000000006d54        0x8 E:/devkitPro/libnx/lib\libnx.a(svc.o)
                0x0000000000006d54                svcWaitProcessWideKeyAtomic
 .text.svcSignalProcessWideKey
                0x0000000000006d5c        0x8 E:/devkitPro/libnx/lib\libnx.a(svc.o)
                0x0000000000006d5c                svcSignalProcessWideKey
 .text.svcConnectToNamedPort
                0x0000000000006d64       0x14 E:/devkitPro/libnx/lib\libnx.a(svc.o)
                0x0000000000006d64                svcConnectToNamedPort
 .text.svcSendSyncRequest
                0x0000000000006d78        0x8 E:/devkitPro/libnx/lib\libnx.a(svc.o)
                0x0000000000006d78                svcSendSyncRequest
 .text.svcGetProcessId
                0x0000000000006d80       0x14 E:/devkitPro/libnx/lib\libnx.a(svc.o)
                0x0000000000006d80                svcGetProcessId
 .text.svcBreak
                0x0000000000006d94        0x8 E:/devkitPro/libnx/lib\libnx.a(svc.o)
                0x0000000000006d94                svcBreak
 .text.svcReturnFromException
                0x0000000000006d9c        0x8 E:/devkitPro/libnx/lib\libnx.a(svc.o)
                0x0000000000006d9c                svcReturnFromException
 .text.svcGetInfo
                0x0000000000006da4       0x14 E:/devkitPro/libnx/lib\libnx.a(svc.o)
                0x0000000000006da4                svcGetInfo
 .text.svcCreateSession
                0x0000000000006db8       0x18 E:/devkitPro/libnx/lib\libnx.a(svc.o)
                0x0000000000006db8                svcCreateSession
 .text.svcReplyAndReceive
                0x0000000000006dd0       0x14 E:/devkitPro/libnx/lib\libnx.a(svc.o)
                0x0000000000006dd0                svcReplyAndReceive
 .text.svcSetProcessMemoryPermission
                0x0000000000006de4        0x8 E:/devkitPro/libnx/lib\libnx.a(svc.o)
                0x0000000000006de4                svcSetProcessMemoryPermission
 .text.svcMapProcessCodeMemory
                0x0000000000006dec        0x8 E:/devkitPro/libnx/lib\libnx.a(svc.o)
                0x0000000000006dec                svcMapProcessCodeMemory
 .text.svcUnmapProcessCodeMemory
                0x0000000000006df4        0x8 E:/devkitPro/libnx/lib\libnx.a(svc.o)
                0x0000000000006df4                svcUnmapProcessCodeMemory
 .text.__aarch64_read_tp
                0x0000000000006dfc        0xc E:/devkitPro/libnx/lib\libnx.a(readtp.o)
                0x0000000000006dfc                __aarch64_read_tp
 *fill*         0x0000000000006e08        0x8 
 .text.waitHandles
                0x0000000000006e10       0xf8 E:/devkitPro/libnx/lib\libnx.a(wait.o)
                0x0000000000006e10                waitHandles
 *fill*         0x0000000000006f08        0x8 
 .text.mutexLock
                0x0000000000006f10       0x80 E:/devkitPro/libnx/lib\libnx.a(mutex.o)
                0x0000000000006f10                mutexLock
 .text.mutexUnlock
                0x0000000000006f90       0x68 E:/devkitPro/libnx/lib\libnx.a(mutex.o)
                0x0000000000006f90                mutexUnlock
 *fill*         0x0000000000006ff8        0x8 
 .text.mutexIsLockedByCurrentThread
                0x0000000000007000       0x1c E:/devkitPro/libnx/lib\libnx.a(mutex.o)
                0x0000000000007000                mutexIsLockedByCurrentThread
 *fill*         0x000000000000701c        0x4 
 .text.rmutexLock
                0x0000000000007020       0x4c E:/devkitPro/libnx/lib\libnx.a(mutex.o)
                0x0000000000007020                rmutexLock
 *fill*         0x000000000000706c        0x4 
 .text.rmutexUnlock
                0x0000000000007070       0x1c E:/devkitPro/libnx/lib\libnx.a(mutex.o)
                0x0000000000007070                rmutexUnlock
 *fill*         0x000000000000708c        0x4 
 .text._memregionInitWithInfo
                0x0000000000007090       0x64 E:/devkitPro/libnx/lib\libnx.a(virtmem.o)
 *fill*         0x00000000000070f4        0xc 
 .text.__libnx_virtmem_rng
                0x0000000000007100        0x4 E:/devkitPro/libnx/lib\libnx.a(virtmem.o)
                0x0000000000007100                __libnx_virtmem_rng
 *fill*         0x0000000000007104        0xc 
 .text._memregionFindRandom
                0x0000000000007110      0x16c E:/devkitPro/libnx/lib\libnx.a(virtmem.o)
 *fill*         0x000000000000727c        0x4 
 .text.virtmemSetup
                0x0000000000007280      0x120 E:/devkitPro/libnx/lib\libnx.a(virtmem.o)
                0x0000000000007280                virtmemSetup
 .text.virtmemLock
                0x00000000000073a0        0xc E:/devkitPro/libnx/lib\libnx.a(virtmem.o)
                0x00000000000073a0                virtmemLock
 *fill*         0x00000000000073ac        0x4 
 .text.virtmemUnlock
                0x00000000000073b0        0xc E:/devkitPro/libnx/lib\libnx.a(virtmem.o)
                0x00000000000073b0                virtmemUnlock
 *fill*         0x00000000000073bc        0x4 
 .text.virtmemFindStack
                0x00000000000073c0       0x54 E:/devkitPro/libnx/lib\libnx.a(virtmem.o)
                0x00000000000073c0                virtmemFindStack
 *fill*         0x0000000000007414        0xc 
 .text.sessionmgrCreate
                0x0000000000007420      0x178 E:/devkitPro/libnx/lib\libnx.a(sessionmgr.o)
                0x0000000000007420                sessionmgrCreate
 *fill*         0x0000000000007598        0x8 
 .text.sessionmgrClose
                0x00000000000075a0       0x84 E:/devkitPro/libnx/lib\libnx.a(sessionmgr.o)
                0x00000000000075a0                sessionmgrClose
 *fill*         0x0000000000007624        0xc 
 .text.sessionmgrAttachClient
                0x0000000000007630       0xb4 E:/devkitPro/libnx/lib\libnx.a(sessionmgr.o)
                0x0000000000007630                sessionmgrAttachClient
 *fill*         0x00000000000076e4        0xc 
 .text.sessionmgrDetachClient
                0x00000000000076f0       0x70 E:/devkitPro/libnx/lib\libnx.a(sessionmgr.o)
                0x00000000000076f0                sessionmgrDetachClient
 .text.timeToPosixTimeWithMyRule
                0x0000000000007760      0x104 E:/devkitPro/libnx/lib\libnx.a(time.o)
                0x0000000000007760                timeToPosixTimeWithMyRule
 *fill*         0x0000000000007864        0xc 
 .text.__nx_dynamic
                0x0000000000007870       0xa0 E:/devkitPro/libnx/lib\libnx.a(dynamic.o)
                0x0000000000007870                __nx_dynamic
 .text.__libnx_init
                0x0000000000007910       0x2c E:/devkitPro/libnx/lib\libnx.a(init.o)
                0x0000000000007910                __libnx_init
 *fill*         0x000000000000793c        0x4 
 .text.__syscall_getreent
                0x0000000000007940       0x34 E:/devkitPro/libnx/lib\libnx.a(newlib.o)
                0x0000000000007940                __syscall_getreent
 *fill*         0x0000000000007974        0xc 
 .text.__syscall_lock_acquire
                0x0000000000007980        0x4 E:/devkitPro/libnx/lib\libnx.a(newlib.o)
                0x0000000000007980                __syscall_lock_acquire
 *fill*         0x0000000000007984        0xc 
 .text.__syscall_lock_release
                0x0000000000007990        0x4 E:/devkitPro/libnx/lib\libnx.a(newlib.o)
                0x0000000000007990                __syscall_lock_release
 *fill*         0x0000000000007994        0xc 
 .text.__syscall_lock_acquire_recursive
                0x00000000000079a0        0x4 E:/devkitPro/libnx/lib\libnx.a(newlib.o)
                0x00000000000079a0                __syscall_lock_acquire_recursive
 *fill*         0x00000000000079a4        0xc 
 .text.__syscall_lock_release_recursive
                0x00000000000079b0        0x4 E:/devkitPro/libnx/lib\libnx.a(newlib.o)
                0x00000000000079b0                __syscall_lock_release_recursive
 *fill*         0x00000000000079b4        0xc 
 .text.newlibSetup
                0x00000000000079c0       0x84 E:/devkitPro/libnx/lib\libnx.a(newlib.o)
                0x00000000000079c0                newlibSetup
 *fill*         0x0000000000007a44        0xc 
 .text.argvSetup
                0x0000000000007a50      0x308 E:/devkitPro/libnx/lib\libnx.a(argv.o)
                0x0000000000007a50                argvSetup
 *fill*         0x0000000000007d58        0x8 
 .text.condvarWaitTimeout
                0x0000000000007d60       0x64 E:/devkitPro/libnx/lib\libnx.a(condvar.o)
                0x0000000000007d60                condvarWaitTimeout
 *fill*         0x0000000000007dc4        0xc 
 .text.nxlinkSetup
                0x0000000000007dd0       0xc4 E:/devkitPro/libnx/lib\libnx.a(nxlink.o)
                0x0000000000007dd0                nxlinkSetup
 *fill*         0x0000000000007e94        0xc 
 .text.aligned_alloc
                0x0000000000007ea0       0x2c e:/devkitpro/devkita64/bin/../lib/gcc/aarch64-none-elf/12.1.0/../../../../aarch64-none-elf/lib/pic\libg.a(lib_a-aligned_alloc.o)
                0x0000000000007ea0                aligned_alloc
 *fill*         0x0000000000007ecc        0x4 
 .text.bsearch  0x0000000000007ed0       0xb8 e:/devkitpro/devkita64/bin/../lib/gcc/aarch64-none-elf/12.1.0/../../../../aarch64-none-elf/lib/pic\libg.a(lib_a-bsearch.o)
                0x0000000000007ed0                bsearch
 *fill*         0x0000000000007f88        0x8 
 .text.__errno  0x0000000000007f90       0x14 e:/devkitpro/devkita64/bin/../lib/gcc/aarch64-none-elf/12.1.0/../../../../aarch64-none-elf/lib/pic\libg.a(lib_a-errno.o)
                0x0000000000007f90                __errno
 *fill*         0x0000000000007fa4        0xc 
 .text.gmtime   0x0000000000007fb0       0x2c e:/devkitpro/devkita64/bin/../lib/gcc/aarch64-none-elf/12.1.0/../../../../aarch64-none-elf/lib/pic\libg.a(lib_a-gmtime.o)
                0x0000000000007fb0                gmtime
 *fill*         0x0000000000007fdc        0x4 
 .text.gmtime_r
                0x0000000000007fe0      0x2a0 e:/devkitpro/devkita64/bin/../lib/gcc/aarch64-none-elf/12.1.0/../../../../aarch64-none-elf/lib/pic\libg.a(lib_a-gmtime_r.o)
                0x0000000000007fe0                gmtime_r
 .text.__libc_init_array
                0x0000000000008280       0x94 e:/devkitpro/devkita64/bin/../lib/gcc/aarch64-none-elf/12.1.0/../../../../aarch64-none-elf/lib/pic\libg.a(lib_a-init.o)
                0x0000000000008280                __libc_init_array
 *fill*         0x0000000000008314        0xc 
 .text._memalign_r
                0x0000000000008320      0x180 e:/devkitpro/devkita64/bin/../lib/gcc/aarch64-none-elf/12.1.0/../../../../aarch64-none-elf/lib/pic\libg.a(lib_a-malignr.o)
                0x0000000000008320                _memalign_r
 .text.malloc   0x00000000000084a0       0x24 e:/devkitpro/devkita64/bin/../lib/gcc/aarch64-none-elf/12.1.0/../../../../aarch64-none-elf/lib/pic\libg.a(lib_a-malloc.o)
                0x00000000000084a0                malloc
 *fill*         0x00000000000084c4        0xc 
 .text.free     0x00000000000084d0       0x24 e:/devkitpro/devkita64/bin/../lib/gcc/aarch64-none-elf/12.1.0/../../../../aarch64-none-elf/lib/pic\libg.a(lib_a-malloc.o)
                0x00000000000084d0                free
 *fill*         0x00000000000084f4        0xc 
 .text._malloc_r
                0x0000000000008500      0x830 e:/devkitpro/devkita64/bin/../lib/gcc/aarch64-none-elf/12.1.0/../../../../aarch64-none-elf/lib/pic\libg.a(lib_a-mallocr.o)
                0x0000000000008500                _malloc_r
 *fill*         0x0000000000008d30       0x10 
 .text          0x0000000000008d40      0x16c e:/devkitpro/devkita64/bin/../lib/gcc/aarch64-none-elf/12.1.0/../../../../aarch64-none-elf/lib/pic\libg.a(lib_a-memcpy.o)
                0x0000000000008d40                memcpy
 *fill*         0x0000000000008eac       0x14 
 .text          0x0000000000008ec0      0x1dc e:/devkitpro/devkita64/bin/../lib/gcc/aarch64-none-elf/12.1.0/../../../../aarch64-none-elf/lib/pic\libg.a(lib_a-memset.o)
                0x0000000000008ec0                memset
 *fill*         0x000000000000909c        0x4 
 .text.__malloc_lock
                0x00000000000090a0        0xc e:/devkitpro/devkita64/bin/../lib/gcc/aarch64-none-elf/12.1.0/../../../../aarch64-none-elf/lib/pic\libg.a(lib_a-mlock.o)
                0x00000000000090a0                __malloc_lock
 *fill*         0x00000000000090ac        0x4 
 .text.__malloc_unlock
                0x00000000000090b0        0xc e:/devkitpro/devkita64/bin/../lib/gcc/aarch64-none-elf/12.1.0/../../../../aarch64-none-elf/lib/pic\libg.a(lib_a-mlock.o)
                0x00000000000090b0                __malloc_unlock
 .text          0x00000000000090bc       0xdc e:/devkitpro/devkita64/bin/../lib/gcc/aarch64-none-elf/12.1.0/../../../../aarch64-none-elf/lib/pic\libg.a(lib_a-strchr.o)
                0x00000000000090bc                strchr
 *fill*         0x0000000000009198       0x28 
 .text          0x00000000000091c0       0xe4 e:/devkitpro/devkita64/bin/../lib/gcc/aarch64-none-elf/12.1.0/../../../../aarch64-none-elf/lib/pic\libg.a(lib_a-strcmp.o)
                0x00000000000091c0                strcmp
 *fill*         0x00000000000092a4       0x1c 
 .text          0x00000000000092c0      0x140 e:/devkitpro/devkita64/bin/../lib/gcc/aarch64-none-elf/12.1.0/../../../../aarch64-none-elf/lib/pic\libg.a(lib_a-strlen.o)
                0x00000000000092c0                strlen
 .text.strncat  0x0000000000009400       0x78 e:/devkitpro/devkita64/bin/../lib/gcc/aarch64-none-elf/12.1.0/../../../../aarch64-none-elf/lib/pic\libg.a(lib_a-strncat.o)
                0x0000000000009400                strncat
 *fill*         0x0000000000009478        0x8 
 .text          0x0000000000009480      0x1d4 e:/devkitpro/devkita64/bin/../lib/gcc/aarch64-none-elf/12.1.0/../../../../aarch64-none-elf/lib/pic\libg.a(lib_a-strncmp.o)
                0x000000000000949c                strncmp
 *fill*         0x0000000000009654        0xc 
 .text.strncpy  0x0000000000009660       0x90 e:/devkitpro/devkita64/bin/../lib/gcc/aarch64-none-elf/12.1.0/../../../../aarch64-none-elf/lib/pic\libg.a(lib_a-strncpy.o)
                0x0000000000009660                strncpy
 *fill*         0x00000000000096f0       0x10 
 .text          0x0000000000009700       0xe0 e:/devkitpro/devkita64/bin/../lib/gcc/aarch64-none-elf/12.1.0/../../../../aarch64-none-elf/lib/pic\libg.a(lib_a-strnlen.o)
                0x0000000000009724                strnlen
 .text._strtoul_l.constprop.0
                0x00000000000097e0      0x198 e:/devkitpro/devkita64/bin/../lib/gcc/aarch64-none-elf/12.1.0/../../../../aarch64-none-elf/lib/pic\libg.a(lib_a-strtoul.o)
 *fill*         0x0000000000009978        0x8 
 .text.strtoul  0x0000000000009980       0x48 e:/devkitpro/devkita64/bin/../lib/gcc/aarch64-none-elf/12.1.0/../../../../aarch64-none-elf/lib/pic\libg.a(lib_a-strtoul.o)
                0x0000000000009980                strtoul
 *fill*         0x00000000000099c8        0x8 
 .text.close    0x00000000000099d0       0x24 e:/devkitpro/devkita64/bin/../lib/gcc/aarch64-none-elf/12.1.0/../../../../aarch64-none-elf/lib/pic\libg.a(lib_a-sysclose.o)
                0x00000000000099d0                close
 *fill*         0x00000000000099f4        0xc 
 .text.open     0x0000000000009a00       0x88 e:/devkitpro/devkita64/bin/../lib/gcc/aarch64-none-elf/12.1.0/../../../../aarch64-none-elf/lib/pic\libg.a(lib_a-sysopen.o)
                0x0000000000009a00                open
 *fill*         0x0000000000009a88        0x8 
 .text.read     0x0000000000009a90       0x40 e:/devkitpro/devkita64/bin/../lib/gcc/aarch64-none-elf/12.1.0/../../../../aarch64-none-elf/lib/pic\libg.a(lib_a-sysread.o)
                0x0000000000009a90                read
 .text._malloc_trim_r
                0x0000000000009ad0      0x124 e:/devkitpro/devkita64/bin/../lib/gcc/aarch64-none-elf/12.1.0/../../../../aarch64-none-elf/lib/pic\libg.a(lib_a-freer.o)
                0x0000000000009ad0                _malloc_trim_r
 *fill*         0x0000000000009bf4        0xc 
 .text._free_r  0x0000000000009c00      0x2d8 e:/devkitpro/devkita64/bin/../lib/gcc/aarch64-none-elf/12.1.0/../../../../aarch64-none-elf/lib/pic\libg.a(lib_a-freer.o)
                0x0000000000009c00                _free_r
 *fill*         0x0000000000009ed8        0x8 
 .text.null_write
                0x0000000000009ee0        0x8 e:/devkitpro/devkita64/bin/../lib/gcc/aarch64-none-elf/12.1.0/../../../../aarch64-none-elf/lib/pic\libsysbase.a(iosupport.o)
 *fill*         0x0000000000009ee8        0x8 
 .text.setDefaultDevice
                0x0000000000009ef0       0x18 e:/devkitpro/devkita64/bin/../lib/gcc/aarch64-none-elf/12.1.0/../../../../aarch64-none-elf/lib/pic\libsysbase.a(iosupport.o)
                0x0000000000009ef0                setDefaultDevice
 *fill*         0x0000000000009f08        0x8 
 .text.FindDevice
                0x0000000000009f10       0xf8 e:/devkitpro/devkita64/bin/../lib/gcc/aarch64-none-elf/12.1.0/../../../../aarch64-none-elf/lib/pic\libsysbase.a(iosupport.o)
                0x0000000000009f10                FindDevice
 *fill*         0x000000000000a008        0x8 
 .text.RemoveDevice
                0x000000000000a010       0x34 e:/devkitpro/devkita64/bin/../lib/gcc/aarch64-none-elf/12.1.0/../../../../aarch64-none-elf/lib/pic\libsysbase.a(iosupport.o)
                0x000000000000a010                RemoveDevice
 *fill*         0x000000000000a044        0xc 
 .text.AddDevice
                0x000000000000a050       0xc8 e:/devkitpro/devkita64/bin/../lib/gcc/aarch64-none-elf/12.1.0/../../../../aarch64-none-elf/lib/pic\libsysbase.a(iosupport.o)
                0x000000000000a050                AddDevice
 *fill*         0x000000000000a118        0x8 
 .text.GetDeviceOpTab
                0x000000000000a120       0x34 e:/devkitpro/devkita64/bin/../lib/gcc/aarch64-none-elf/12.1.0/../../../../aarch64-none-elf/lib/pic\libsysbase.a(iosupport.o)
                0x000000000000a120                GetDeviceOpTab
 *fill*         0x000000000000a154        0xc 
 .text._close_r
                0x000000000000a160       0xa8 e:/devkitpro/devkita64/bin/../lib/gcc/aarch64-none-elf/12.1.0/../../../../aarch64-none-elf/lib/pic\libsysbase.a(close.o)
                0x000000000000a160                _close_r
 *fill*         0x000000000000a208        0x8 
 .text._open_r  0x000000000000a210       0xec e:/devkitpro/devkita64/bin/../lib/gcc/aarch64-none-elf/12.1.0/../../../../aarch64-none-elf/lib/pic\libsysbase.a(open.o)
                0x000000000000a210                _open_r
 *fill*         0x000000000000a2fc        0x4 
 .text._read_r  0x000000000000a300       0xa4 e:/devkitpro/devkita64/bin/../lib/gcc/aarch64-none-elf/12.1.0/../../../../aarch64-none-elf/lib/pic\libsysbase.a(read.o)
                0x000000000000a300                _read_r
 *fill*         0x000000000000a3a4        0xc 
 .text._sbrk_r  0x000000000000a3b0       0x78 e:/devkitpro/devkita64/bin/../lib/gcc/aarch64-none-elf/12.1.0/../../../../aarch64-none-elf/lib/pic\libsysbase.a(sbrk.o)
                0x000000000000a3b0                _sbrk_r
 *fill*         0x000000000000a428        0x8 
 .text.__libc_lock_acquire
                0x000000000000a430       0x14 e:/devkitpro/devkita64/bin/../lib/gcc/aarch64-none-elf/12.1.0/../../../../aarch64-none-elf/lib/pic\libsysbase.a(locks.o)
                0x000000000000a430                __libc_lock_acquire
 *fill*         0x000000000000a444        0xc 
 .text.__libc_lock_release
                0x000000000000a450       0x14 e:/devkitpro/devkita64/bin/../lib/gcc/aarch64-none-elf/12.1.0/../../../../aarch64-none-elf/lib/pic\libsysbase.a(locks.o)
                0x000000000000a450                __libc_lock_release
 *fill*         0x000000000000a464        0xc 
 .text.__libc_lock_acquire_recursive
                0x000000000000a470       0x14 e:/devkitpro/devkita64/bin/../lib/gcc/aarch64-none-elf/12.1.0/../../../../aarch64-none-elf/lib/pic\libsysbase.a(locks.o)
                0x000000000000a470                __libc_lock_acquire_recursive
 *fill*         0x000000000000a484        0xc 
 .text.__libc_lock_release_recursive
                0x000000000000a490       0x14 e:/devkitpro/devkita64/bin/../lib/gcc/aarch64-none-elf/12.1.0/../../../../aarch64-none-elf/lib/pic\libsysbase.a(locks.o)
                0x000000000000a490                __libc_lock_release_recursive
 *fill*         0x000000000000a4a4        0xc 
 .text.__free_handle
                0x000000000000a4b0       0x40 e:/devkitpro/devkita64/bin/../lib/gcc/aarch64-none-elf/12.1.0/../../../../aarch64-none-elf/lib/pic\libsysbase.a(handle_manager.o)
                0x000000000000a4b0                __free_handle
 .text.__release_handle
                0x000000000000a4f0       0x58 e:/devkitpro/devkita64/bin/../lib/gcc/aarch64-none-elf/12.1.0/../../../../aarch64-none-elf/lib/pic\libsysbase.a(handle_manager.o)
                0x000000000000a4f0                __release_handle
 *fill*         0x000000000000a548        0x8 
 .text.__alloc_handle
                0x000000000000a550       0xc8 e:/devkitpro/devkita64/bin/../lib/gcc/aarch64-none-elf/12.1.0/../../../../aarch64-none-elf/lib/pic\libsysbase.a(handle_manager.o)
                0x000000000000a550                __alloc_handle
 *fill*         0x000000000000a618        0x8 
 .text.__get_handle
                0x000000000000a620       0x20 e:/devkitpro/devkita64/bin/../lib/gcc/aarch64-none-elf/12.1.0/../../../../aarch64-none-elf/lib/pic\libsysbase.a(handle_manager.o)
                0x000000000000a620                __get_handle
 .text.__getreent
                0x000000000000a640       0x20 e:/devkitpro/devkita64/bin/../lib/gcc/aarch64-none-elf/12.1.0/../../../../aarch64-none-elf/lib/pic\libsysbase.a(getreent.o)
                0x000000000000a640                __getreent
                0x000000000000a660                . = ALIGN (0x8)

.init           0x000000000000a660       0x38
 *(.init)
 .init          0x000000000000a660       0x18 e:/devkitpro/devkita64/bin/../lib/gcc/aarch64-none-elf/12.1.0/pic/crti.o
                0x000000000000a660                _init
 .init          0x000000000000a678       0x1c e:/devkitpro/devkita64/bin/../lib/gcc/aarch64-none-elf/12.1.0/pic/crtn.o
                0x000000000000a698                . = ALIGN (0x8)
 *fill*         0x000000000000a694        0x4 

.plt            0x000000000000a698        0x0
 *(.plt)
 .plt           0x000000000000a698        0x0 e:/devkitpro/devkita64/bin/../lib/gcc/aarch64-none-elf/12.1.0/pic/crti.o
 *(.iplt)
                0x000000000000a698                . = ALIGN (0x8)

.fini           0x000000000000a698       0x38
 *(.fini)
 .fini          0x000000000000a698       0x18 e:/devkitpro/devkita64/bin/../lib/gcc/aarch64-none-elf/12.1.0/pic/crti.o
                0x000000000000a698                _fini
 .fini          0x000000000000a6b0       0x1c e:/devkitpro/devkita64/bin/../lib/gcc/aarch64-none-elf/12.1.0/pic/crtn.o
                0x000000000000a6d0                . = ALIGN (0x8)
 *fill*         0x000000000000a6cc        0x4 
                0x000000000000b000                . = ALIGN (0x1000)
                0x000000000000b000                __rodata_start = .

.nx-module-name
                0x000000000000b000        0xe
 *(.nx-module-name)
 .nx-module-name
                0x000000000000b000        0xe e:/devkitpro/devkita64/bin/../lib/gcc/aarch64-none-elf/12.1.0/pic/crti.o

.rodata         0x000000000000b010      0x2a0
 *(.rodata .rodata.* .gnu.linkonce.r.*)
 .rodata.str1.8
                0x000000000000b010       0x79 main.o
 *fill*         0x000000000000b089        0x7 
 .rodata        0x000000000000b090       0x55 main.o
                0x000000000000b090                g_noticeText
 *fill*         0x000000000000b0e5        0x3 
 .rodata.str1.8
                0x000000000000b0e8       0x2f E:/devkitPro/libnx/lib\libnx.a(ns.o)
 *fill*         0x000000000000b117        0x1 
 .rodata        0x000000000000b118        0x7 E:/devkitPro/libnx/lib\libnx.a(ns.o)
 *fill*         0x000000000000b11f        0x1 
 .rodata.smInitialize.str1.8
                0x000000000000b120        0x4 E:/devkitPro/libnx/lib\libnx.a(sm.o)
 .rodata.envSetup
                0x000000000000b124       0x10 E:/devkitPro/libnx/lib\libnx.a(env.o)
 *fill*         0x000000000000b134        0x4 
 .rodata.fsdev_fixpath.str1.8
                0x000000000000b138        0x2 E:/devkitPro/libnx/lib\libnx.a(fs_dev.o)
 *fill*         0x000000000000b13a        0x6 
 .rodata._fsdevUnmountDeviceStruct.part.0.str1.8
                0x000000000000b140        0x2 E:/devkitPro/libnx/lib\libnx.a(fs_dev.o)
 *fill*         0x000000000000b142        0x6 
 .rodata.fsdevMountDevice.str1.8
                0x000000000000b148        0x8 E:/devkitPro/libnx/lib\libnx.a(fs_dev.o)
                                         0x10 (size before relaxing)
 .rodata.fsdevMountSdmc.str1.8
                0x000000000000b150        0x5 E:/devkitPro/libnx/lib\libnx.a(fs_dev.o)
 *fill*         0x000000000000b155        0xb 
 .rodata.error_table
                0x000000000000b160       0x20 E:/devkitPro/libnx/lib\libnx.a(fs_dev.o)
 .rodata.nxlinkSetup.str1.8
                0x000000000000b180       0x10 E:/devkitPro/libnx/lib\libnx.a(nxlink.o)
                                          0x9 (size before relaxing)
 .rodata._ctype_
                0x000000000000b190      0x101 e:/devkitpro/devkita64/bin/../lib/gcc/aarch64-none-elf/12.1.0/../../../../aarch64-none-elf/lib/pic\libg.a(lib_a-ctype_.o)
                0x000000000000b190                _ctype_
 *fill*         0x000000000000b291        0xf 
 .rodata.cst16  0x000000000000b2a0       0x10 e:/devkitpro/devkita64/bin/../lib/gcc/aarch64-none-elf/12.1.0/../../../../aarch64-none-elf/lib/pic\libg.a(lib_a-mallocr.o)
 .rodata.AddDevice.str1.8
                0x000000000000b2b0        0x8 e:/devkitpro/devkita64/bin/../lib/gcc/aarch64-none-elf/12.1.0/../../../../aarch64-none-elf/lib/pic\libsysbase.a(iosupport.o)
                0x000000000000b2b8                . = ALIGN (0x8)

.eh_frame_hdr   0x000000000000b2b0        0x0
                0x000000000000b2b0                __eh_frame_hdr_start = .
 *(.eh_frame_hdr)
 *(.eh_frame_entry .eh_frame_entry.*)
                0x000000000000b2b0                __eh_frame_hdr_end = .

.eh_frame       0x000000000000b2b0     0x2498
 *(.eh_frame)
 .eh_frame      0x000000000000b2b0       0x50 e:/devkitpro/devkita64/bin/../lib/gcc/aarch64-none-elf/12.1.0/pic/crtbegin.o
 .eh_frame      0x000000000000b300      0x168 main.o
                                        0x178 (size before relaxing)
 .eh_frame      0x000000000000b468       0x28 trampoline.o
                                         0x40 (size before relaxing)
 .eh_frame      0x000000000000b490       0x60 E:/devkitPro/libnx/lib\libnx.a(random.o)
                                         0x70 (size before relaxing)
 .eh_frame      0x000000000000b4f0      0x140 E:/devkitPro/libnx/lib\libnx.a(thread.o)
                                        0x220 (size before relaxing)
 .eh_frame      0x000000000000b630       0xb0 E:/devkitPro/libnx/lib\libnx.a(pm.o)
                                        0x6f0 (size before relaxing)
 .eh_frame      0x000000000000b6e0      0x1a0 E:/devkitPro/libnx/lib\libnx.a(ns.o)
                                       0x2968 (size before relaxing)
 .eh_frame      0x000000000000b880      0x140 E:/devkitPro/libnx/lib\libnx.a(set.o)
                                       0x2c60 (size before relaxing)
 .eh_frame      0x000000000000b9c0       0x80 E:/devkitPro/libnx/lib\libnx.a(fatal.o)
                                         0xa8 (size before relaxing)
 .eh_frame      0x000000000000ba40      0x548 E:/devkitPro/libnx/lib\libnx.a(fs.o)
                                       0x16a8 (size before relaxing)
 .eh_frame      0x000000000000bf88        0x0 E:/devkitPro/libnx/lib\libnx.a(nifm.o)
                                        0x628 (size before relaxing)
 .eh_frame      0x000000000000bf88      0x140 E:/devkitPro/libnx/lib\libnx.a(sm.o)
                                        0x2f8 (size before relaxing)
 .eh_frame      0x000000000000c0c8       0x28 E:/devkitPro/libnx/lib\libnx.a(hosversion.o)
                                         0x50 (size before relaxing)
 .eh_frame      0x000000000000c0f0       0xe0 E:/devkitPro/libnx/lib\libnx.a(env.o)
                                        0x210 (size before relaxing)
 .eh_frame      0x000000000000c1d0       0x40 E:/devkitPro/libnx/lib\libnx.a(alloc.o)
                                         0x50 (size before relaxing)
 .eh_frame      0x000000000000c210       0x18 E:/devkitPro/libnx/lib\libnx.a(diag.o)
                                         0x30 (size before relaxing)
 .eh_frame      0x000000000000c228      0x650 E:/devkitPro/libnx/lib\libnx.a(fs_dev.o)
                                        0x9a8 (size before relaxing)
 .eh_frame      0x000000000000c878       0x18 E:/devkitPro/libnx/lib\libnx.a(decode_utf8.o)
                                         0x28 (size before relaxing)
 .eh_frame      0x000000000000c890      0x208 E:/devkitPro/libnx/lib\libnx.a(svc.o)
                                        0x9d8 (size before relaxing)
 .eh_frame      0x000000000000ca98       0x18 E:/devkitPro/libnx/lib\libnx.a(readtp.o)
                                         0x28 (size before relaxing)
 .eh_frame      0x000000000000cab0       0x40 E:/devkitPro/libnx/lib\libnx.a(wait.o)
                                         0x98 (size before relaxing)
 .eh_frame      0x000000000000caf0        0x0 E:/devkitPro/libnx/lib\libnx.a(tmem.o)
                                        0x100 (size before relaxing)
 .eh_frame      0x000000000000caf0       0xa0 E:/devkitPro/libnx/lib\libnx.a(mutex.o)
                                         0xf0 (size before relaxing)
 .eh_frame      0x000000000000cb90      0x148 E:/devkitPro/libnx/lib\libnx.a(virtmem.o)
                                        0x220 (size before relaxing)
 .eh_frame      0x000000000000ccd8        0x0 E:/devkitPro/libnx/lib\libnx.a(event.o)
                                         0xc0 (size before relaxing)
 .eh_frame      0x000000000000ccd8      0x100 E:/devkitPro/libnx/lib\libnx.a(sessionmgr.o)
                                        0x118 (size before relaxing)
 .eh_frame      0x000000000000cdd8       0x30 E:/devkitPro/libnx/lib\libnx.a(time.o)
                                        0x440 (size before relaxing)
 .eh_frame      0x000000000000ce08       0x18 E:/devkitPro/libnx/lib\libnx.a(dynamic.o)
                                         0x30 (size before relaxing)
 .eh_frame      0x000000000000ce20       0x20 E:/devkitPro/libnx/lib\libnx.a(init.o)
                                         0xc0 (size before relaxing)
 .eh_frame      0x000000000000ce40       0x98 E:/devkitPro/libnx/lib\libnx.a(newlib.o)
                                        0x408 (size before relaxing)
 .eh_frame      0x000000000000ced8       0xd0 E:/devkitPro/libnx/lib\libnx.a(argv.o)
                                         0xe8 (size before relaxing)
 .eh_frame      0x000000000000cfa8        0x0 E:/devkitPro/libnx/lib\libnx.a(shmem.o)
                                         0xc0 (size before relaxing)
 .eh_frame      0x000000000000cfa8       0x30 E:/devkitPro/libnx/lib\libnx.a(condvar.o)
                                         0x48 (size before relaxing)
 .eh_frame      0x000000000000cfd8        0x0 E:/devkitPro/libnx/lib\libnx.a(applet.o)
                                       0x46e0 (size before relaxing)
 .eh_frame      0x000000000000cfd8        0x0 E:/devkitPro/libnx/lib\libnx.a(hid.o)
                                       0x1b90 (size before relaxing)
 .eh_frame      0x000000000000cfd8       0x50 E:/devkitPro/libnx/lib\libnx.a(nxlink.o)
                                         0x68 (size before relaxing)
 .eh_frame      0x000000000000d028        0x0 E:/devkitPro/libnx/lib\libnx.a(apm.o)
                                        0x168 (size before relaxing)
 .eh_frame      0x000000000000d028       0x28 e:/devkitpro/devkita64/bin/../lib/gcc/aarch64-none-elf/12.1.0/../../../../aarch64-none-elf/lib/pic\libg.a(lib_a-aligned_alloc.o)
                                         0x38 (size before relaxing)
 .eh_frame      0x000000000000d050       0x68 e:/devkitpro/devkita64/bin/../lib/gcc/aarch64-none-elf/12.1.0/../../../../aarch64-none-elf/lib/pic\libg.a(lib_a-bsearch.o)
                                         0x78 (size before relaxing)
 .eh_frame      0x000000000000d0b8        0x0 e:/devkitpro/devkita64/bin/../lib/gcc/aarch64-none-elf/12.1.0/../../../../aarch64-none-elf/lib/pic\libg.a(lib_a-ctype_.o)
                                         0x28 (size before relaxing)
 .eh_frame      0x000000000000d0b8       0x20 e:/devkitpro/devkita64/bin/../lib/gcc/aarch64-none-elf/12.1.0/../../../../aarch64-none-elf/lib/pic\libg.a(lib_a-errno.o)
                                         0x38 (size before relaxing)
 .eh_frame      0x000000000000d0d8        0x0 e:/devkitpro/devkita64/bin/../lib/gcc/aarch64-none-elf/12.1.0/../../../../aarch64-none-elf/lib/pic\libg.a(lib_a-fini.o)
                                         0x38 (size before relaxing)
 .eh_frame      0x000000000000d0d8       0x28 e:/devkitpro/devkita64/bin/../lib/gcc/aarch64-none-elf/12.1.0/../../../../aarch64-none-elf/lib/pic\libg.a(lib_a-gmtime.o)
                                         0x38 (size before relaxing)
 .eh_frame      0x000000000000d100       0x18 e:/devkitpro/devkita64/bin/../lib/gcc/aarch64-none-elf/12.1.0/../../../../aarch64-none-elf/lib/pic\libg.a(lib_a-gmtime_r.o)
                                         0x28 (size before relaxing)
 .eh_frame      0x000000000000d118       0x28 e:/devkitpro/devkita64/bin/../lib/gcc/aarch64-none-elf/12.1.0/../../../../aarch64-none-elf/lib/pic\libg.a(lib_a-init.o)
                                         0x40 (size before relaxing)
 .eh_frame      0x000000000000d140       0x50 e:/devkitpro/devkita64/bin/../lib/gcc/aarch64-none-elf/12.1.0/../../../../aarch64-none-elf/lib/pic\libg.a(lib_a-malignr.o)
                                         0x68 (size before relaxing)
 .eh_frame      0x000000000000d190       0x48 e:/devkitpro/devkita64/bin/../lib/gcc/aarch64-none-elf/12.1.0/../../../../aarch64-none-elf/lib/pic\libg.a(lib_a-malloc.o)
                                         0x60 (size before relaxing)
 .eh_frame      0x000000000000d1d8       0xf0 e:/devkitpro/devkita64/bin/../lib/gcc/aarch64-none-elf/12.1.0/../../../../aarch64-none-elf/lib/pic\libg.a(lib_a-mallocr.o)
                                        0x100 (size before relaxing)
 .eh_frame      0x000000000000d2c8       0x28 e:/devkitpro/devkita64/bin/../lib/gcc/aarch64-none-elf/12.1.0/../../../../aarch64-none-elf/lib/pic\libg.a(lib_a-mlock.o)
                                         0x40 (size before relaxing)
 .eh_frame      0x000000000000d2f0        0x0 e:/devkitpro/devkita64/bin/../lib/gcc/aarch64-none-elf/12.1.0/../../../../aarch64-none-elf/lib/pic\libg.a(lib_a-setenv.o)
                                         0x60 (size before relaxing)
 .eh_frame      0x000000000000d2f0        0x0 e:/devkitpro/devkita64/bin/../lib/gcc/aarch64-none-elf/12.1.0/../../../../aarch64-none-elf/lib/pic\libg.a(lib_a-setenv_r.o)
                                         0xc8 (size before relaxing)
 .eh_frame      0x000000000000d2f0       0x18 e:/devkitpro/devkita64/bin/../lib/gcc/aarch64-none-elf/12.1.0/../../../../aarch64-none-elf/lib/pic\libg.a(lib_a-strncat.o)
                                         0x28 (size before relaxing)
 .eh_frame      0x000000000000d308       0x18 e:/devkitpro/devkita64/bin/../lib/gcc/aarch64-none-elf/12.1.0/../../../../aarch64-none-elf/lib/pic\libg.a(lib_a-strncpy.o)
                                         0x28 (size before relaxing)
 .eh_frame      0x000000000000d320       0x40 e:/devkitpro/devkita64/bin/../lib/gcc/aarch64-none-elf/12.1.0/../../../../aarch64-none-elf/lib/pic\libg.a(lib_a-strtoul.o)
                                         0xa8 (size before relaxing)
 .eh_frame      0x000000000000d360       0x28 e:/devkitpro/devkita64/bin/../lib/gcc/aarch64-none-elf/12.1.0/../../../../aarch64-none-elf/lib/pic\libg.a(lib_a-sysclose.o)
                                         0x38 (size before relaxing)
 .eh_frame      0x000000000000d388       0x30 e:/devkitpro/devkita64/bin/../lib/gcc/aarch64-none-elf/12.1.0/../../../../aarch64-none-elf/lib/pic\libg.a(lib_a-sysopen.o)
                                         0x48 (size before relaxing)
 .eh_frame      0x000000000000d3b8       0x28 e:/devkitpro/devkita64/bin/../lib/gcc/aarch64-none-elf/12.1.0/../../../../aarch64-none-elf/lib/pic\libg.a(lib_a-sysread.o)
                                         0x40 (size before relaxing)
 .eh_frame      0x000000000000d3e0        0x0 e:/devkitpro/devkita64/bin/../lib/gcc/aarch64-none-elf/12.1.0/../../../../aarch64-none-elf/lib/pic\libg.a(lib_a-envlock.o)
                                         0x40 (size before relaxing)
 .eh_frame      0x000000000000d3e0       0x80 e:/devkitpro/devkita64/bin/../lib/gcc/aarch64-none-elf/12.1.0/../../../../aarch64-none-elf/lib/pic\libg.a(lib_a-freer.o)
                                         0x90 (size before relaxing)
 .eh_frame      0x000000000000d460        0x0 e:/devkitpro/devkita64/bin/../lib/gcc/aarch64-none-elf/12.1.0/../../../../aarch64-none-elf/lib/pic\libg.a(lib_a-getenv_r.o)
                                         0x90 (size before relaxing)
 .eh_frame      0x000000000000d460        0x0 e:/devkitpro/devkita64/bin/../lib/gcc/aarch64-none-elf/12.1.0/../../../../aarch64-none-elf/lib/pic\libg.a(lib_a-reallocr.o)
                                         0xf0 (size before relaxing)
 .eh_frame      0x000000000000d460      0x108 e:/devkitpro/devkita64/bin/../lib/gcc/aarch64-none-elf/12.1.0/../../../../aarch64-none-elf/lib/pic\libsysbase.a(iosupport.o)
                                        0x120 (size before relaxing)
 .eh_frame      0x000000000000d568       0x48 e:/devkitpro/devkita64/bin/../lib/gcc/aarch64-none-elf/12.1.0/../../../../aarch64-none-elf/lib/pic\libsysbase.a(close.o)
                                         0x58 (size before relaxing)
 .eh_frame      0x000000000000d5b0       0x58 e:/devkitpro/devkita64/bin/../lib/gcc/aarch64-none-elf/12.1.0/../../../../aarch64-none-elf/lib/pic\libsysbase.a(open.o)
                                         0x70 (size before relaxing)
 .eh_frame      0x000000000000d608       0x38 e:/devkitpro/devkita64/bin/../lib/gcc/aarch64-none-elf/12.1.0/../../../../aarch64-none-elf/lib/pic\libsysbase.a(read.o)
                                         0x50 (size before relaxing)
 .eh_frame      0x000000000000d640       0x18 e:/devkitpro/devkita64/bin/../lib/gcc/aarch64-none-elf/12.1.0/../../../../aarch64-none-elf/lib/pic\libsysbase.a(sbrk.o)
                                         0x28 (size before relaxing)
 .eh_frame      0x000000000000d658        0x0 e:/devkitpro/devkita64/bin/../lib/gcc/aarch64-none-elf/12.1.0/../../../../aarch64-none-elf/lib/pic\libsysbase.a(chdir.o)
                                        0x100 (size before relaxing)
 .eh_frame      0x000000000000d658       0x50 e:/devkitpro/devkita64/bin/../lib/gcc/aarch64-none-elf/12.1.0/../../../../aarch64-none-elf/lib/pic\libsysbase.a(locks.o)
                                        0x178 (size before relaxing)
 .eh_frame      0x000000000000d6a8       0x88 e:/devkitpro/devkita64/bin/../lib/gcc/aarch64-none-elf/12.1.0/../../../../aarch64-none-elf/lib/pic\libsysbase.a(handle_manager.o)
                                         0xf8 (size before relaxing)
 .eh_frame      0x000000000000d730       0x14 e:/devkitpro/devkita64/bin/../lib/gcc/aarch64-none-elf/12.1.0/../../../../aarch64-none-elf/lib/pic\libsysbase.a(getreent.o)
                                         0x28 (size before relaxing)
 .eh_frame      0x000000000000d744        0x0 e:/devkitpro/devkita64/bin/../lib/gcc/aarch64-none-elf/12.1.0/../../../../aarch64-none-elf/lib/pic\libsysbase.a(clocks.o)
                                         0x78 (size before relaxing)
 .eh_frame      0x000000000000d744        0x4 e:/devkitpro/devkita64/bin/../lib/gcc/aarch64-none-elf/12.1.0/pic/crtend.o
 *(.eh_frame.*)

.gcc_except_table
 *(.gcc_except_table .gcc_except_table.*)

.gnu_extab
 *(.gnu_extab*)

.dynamic        0x000000000000d748      0x110
 *(.dynamic)
 .dynamic       0x000000000000d748      0x110 e:/devkitpro/devkita64/bin/../lib/gcc/aarch64-none-elf/12.1.0/pic/crti.o
                0x000000000000d748                _DYNAMIC

.dynsym         0x000000000000d858       0x48
 *(.dynsym)
 .dynsym        0x000000000000d858       0x48 e:/devkitpro/devkita64/bin/../lib/gcc/aarch64-none-elf/12.1.0/pic/crti.o

.dynstr         0x000000000000d8a0        0x1
 *(.dynstr)
 .dynstr        0x000000000000d8a0        0x1 e:/devkitpro/devkita64/bin/../lib/gcc/aarch64-none-elf/12.1.0/pic/crti.o

.rela.dyn       0x000000000000d8a8     0x20e8
 *(.rela.*)
 .rela.got      0x000000000000d8a8      0x378 e:/devkitpro/devkita64/bin/../lib/gcc/aarch64-none-elf/12.1.0/pic/crti.o
 .rela.plt      0x000000000000dc20        0x0 e:/devkitpro/devkita64/bin/../lib/gcc/aarch64-none-elf/12.1.0/pic/crti.o
 .rela.bss      0x000000000000dc20        0x0 e:/devkitpro/devkita64/bin/../lib/gcc/aarch64-none-elf/12.1.0/pic/crti.o
 .rela.data.rel.ro
                0x000000000000dc20        0x0 e:/devkitpro/devkita64/bin/../lib/gcc/aarch64-none-elf/12.1.0/pic/crti.o
 .rela.init_array
                0x000000000000dc20       0x18 e:/devkitpro/devkita64/bin/../lib/gcc/aarch64-none-elf/12.1.0/pic/crti.o
 .rela.fini_array
                0x000000000000dc38       0x18 e:/devkitpro/devkita64/bin/../lib/gcc/aarch64-none-elf/12.1.0/pic/crti.o
 .rela.ifunc    0x000000000000dc50        0x0 e:/devkitpro/devkita64/bin/../lib/gcc/aarch64-none-elf/12.1.0/pic/crti.o
 .rela.data.rel.local
                0x000000000000dc50       0x30 e:/devkitpro/devkita64/bin/../lib/gcc/aarch64-none-elf/12.1.0/pic/crti.o
 .rela.data.rel.ro.local.servarray.0
                0x000000000000dc80       0x90 e:/devkitpro/devkita64/bin/../lib/gcc/aarch64-none-elf/12.1.0/pic/crti.o
 .rela.data.rel.ro.local.fsdev_devoptab
                0x000000000000dd10      0x228 e:/devkitpro/devkita64/bin/../lib/gcc/aarch64-none-elf/12.1.0/pic/crti.o
 .rela.data.rel.local._impure_ptr
                0x000000000000df38       0x18 e:/devkitpro/devkita64/bin/../lib/gcc/aarch64-none-elf/12.1.0/pic/crti.o
 .rela.data.rel.local.impure_data
                0x000000000000df50       0x48 e:/devkitpro/devkita64/bin/../lib/gcc/aarch64-none-elf/12.1.0/pic/crti.o
 .rela.data.rel.__malloc_av_
                0x000000000000df98     0x1800 e:/devkitpro/devkita64/bin/../lib/gcc/aarch64-none-elf/12.1.0/pic/crti.o
 .rela.data.rel.devoptab_list
                0x000000000000f798      0x180 e:/devkitpro/devkita64/bin/../lib/gcc/aarch64-none-elf/12.1.0/pic/crti.o
 .rela.data.rel.ro.local.dotab_stdnull
                0x000000000000f918       0x30 e:/devkitpro/devkita64/bin/../lib/gcc/aarch64-none-elf/12.1.0/pic/crti.o
 .rela.data.rel.local.handles
                0x000000000000f948       0x48 e:/devkitpro/devkita64/bin/../lib/gcc/aarch64-none-elf/12.1.0/pic/crti.o

.interp
 *(.interp)

.hash           0x000000000000f990       0x18
 *(.hash)
 .hash          0x000000000000f990       0x18 e:/devkitpro/devkita64/bin/../lib/gcc/aarch64-none-elf/12.1.0/pic/crti.o

.gnu.hash
 *(.gnu.hash)

.gnu.version    0x000000000000f9a8        0x0
 *(.gnu.version)
 .gnu.version   0x000000000000f9a8        0x0 e:/devkitpro/devkita64/bin/../lib/gcc/aarch64-none-elf/12.1.0/pic/crti.o

.gnu.version_d  0x000000000000f9a8        0x0
 *(.gnu.version_d)
 .gnu.version_d
                0x000000000000f9a8        0x0 e:/devkitpro/devkita64/bin/../lib/gcc/aarch64-none-elf/12.1.0/pic/crti.o

.gnu.version_r  0x000000000000f9a8        0x0
 *(.gnu.version_r)
 .gnu.version_r
                0x000000000000f9a8        0x0 e:/devkitpro/devkita64/bin/../lib/gcc/aarch64-none-elf/12.1.0/pic/crti.o

.note.gnu.build-id
                0x000000000000f9a8       0x24
 *(.note.gnu.build-id)
 .note.gnu.build-id
                0x000000000000f9a8       0x24 e:/devkitpro/devkita64/bin/../lib/gcc/aarch64-none-elf/12.1.0/pic/crti.o
                0x0000000000010000                . = ALIGN (0x1000)
                0x0000000000010000                __data_start = .

.eh_frame
 *(.eh_frame)
 *(.eh_frame.*)

.gcc_except_table
 *(.gcc_except_table .gcc_except_table.*)

.gnu_extab
 *(.gnu_extab*)

.exception_ranges
 *(.exception_ranges .exception_ranges*)

.tdata          0x0000000000010000        0x0
                0x0000000000010000                __tdata_lma = .
 *(.tdata .tdata.* .gnu.linkonce.td.*)
                0x0000000000010000                . = ALIGN (0x8)
                0x0000000000010000                __tdata_lma_end = .

.tbss           0x0000000000010000      0x410
 *(.tbss .tbss.* .gnu.linkonce.tb.*)
 .tbss.g_fsPriority
                0x0000000000010000        0x4 E:/devkitPro/libnx/lib\libnx.a(fs.o)
 .tbss.fsdev_last_result
                0x0000000000010004        0x4 E:/devkitPro/libnx/lib\libnx.a(fs_dev.o)
 .tbss.__nx_dev_path_buf
                0x0000000000010008      0x401 E:/devkitPro/libnx/lib\libnx.a(path_buf.o)
                0x0000000000010008                __nx_dev_path_buf
 *(.tcommon)
                0x0000000000010410                . = ALIGN (0x8)
 *fill*         0x0000000000010409        0x7 

.preinit_array  0x0000000000010000        0x0
                0x0000000000010000                PROVIDE (__preinit_array_start = .)
 *(.preinit_array)
                0x0000000000010000                PROVIDE (__preinit_array_end = .)

.init_array     0x0000000000010000        0x8
                0x0000000000010000                PROVIDE (__init_array_start = .)
 *(SORT_BY_INIT_PRIORITY(.init_array.*) SORT_BY_INIT_PRIORITY(.ctors.*))
 *(.init_array .ctors)
 .init_array    0x0000000000010000        0x8 e:/devkitpro/devkita64/bin/../lib/gcc/aarch64-none-elf/12.1.0/pic/crtbegin.o
                0x0000000000010008                PROVIDE (__init_array_end = .)

.fini_array     0x0000000000010008        0x8
                0x0000000000010008                PROVIDE (__fini_array_start = .)
 *(SORT_BY_INIT_PRIORITY(.fini_array.*) SORT_BY_INIT_PRIORITY(.dtors.*))
 *(.fini_array .dtors)
 .fini_array    0x0000000000010008        0x8 e:/devkitpro/devkita64/bin/../lib/gcc/aarch64-none-elf/12.1.0/pic/crtbegin.o
                0x0000000000010010                PROVIDE (__fini_array_end = .)
                0x0000000000010010                __got_start__ = .

.got            0x0000000000010010      0x140
 *(.got)
 .got           0x0000000000010010      0x140 e:/devkitpro/devkita64/bin/../lib/gcc/aarch64-none-elf/12.1.0/pic/crti.o
                0x0000000000010010                _GLOBAL_OFFSET_TABLE_
 *(.igot)

.got.plt        0x0000000000010150       0x18
 *(.got.plt)
 .got.plt       0x0000000000010150       0x18 e:/devkitpro/devkita64/bin/../lib/gcc/aarch64-none-elf/12.1.0/pic/crti.o
 *(.igot.plt)
                0x0000000000010168                __got_end__ = .

.data           0x0000000000010168     0x3368
 *(.data .data.* .gnu.linkonce.d.*)
 .data.rel.ro   0x0000000000010168        0x0 e:/devkitpro/devkita64/bin/../lib/gcc/aarch64-none-elf/12.1.0/pic/crti.o
 .data          0x0000000000010168        0x8 main.o
                0x0000000000010168                __nx_fsdev_direntry_cache_size
                0x000000000001016c                __nx_fs_num_sessions
 .data.rel.local
                0x0000000000010170      0x120 main.o
 .data.rel.ro.local.servarray.0
                0x0000000000010290       0x30 E:/devkitPro/libnx/lib\libnx.a(ns.o)
 .data.rel.ro.local.fsdev_devoptab
                0x00000000000102c0       0xe0 E:/devkitPro/libnx/lib\libnx.a(fs_dev.o)
 .data.__nx_applet_type
                0x00000000000103a0        0x4 E:/devkitPro/libnx/lib\libnx.a(applet.o)
                0x00000000000103a0                __nx_applet_type
 *fill*         0x00000000000103a4        0x4 
 .data.rel.local._impure_ptr
                0x00000000000103a8        0x8 e:/devkitpro/devkita64/bin/../lib/gcc/aarch64-none-elf/12.1.0/../../../../aarch64-none-elf/lib/pic\libg.a(lib_a-impure.o)
                0x00000000000103a8                _impure_ptr
 .data.rel.local.impure_data
                0x00000000000103b0      0x768 e:/devkitpro/devkita64/bin/../lib/gcc/aarch64-none-elf/12.1.0/../../../../aarch64-none-elf/lib/pic\libg.a(lib_a-impure.o)
 .data.__malloc_sbrk_base
                0x0000000000010b18        0x8 e:/devkitpro/devkita64/bin/../lib/gcc/aarch64-none-elf/12.1.0/../../../../aarch64-none-elf/lib/pic\libg.a(lib_a-mallocr.o)
                0x0000000000010b18                __malloc_sbrk_base
 .data.__malloc_trim_threshold
                0x0000000000010b20        0x8 e:/devkitpro/devkita64/bin/../lib/gcc/aarch64-none-elf/12.1.0/../../../../aarch64-none-elf/lib/pic\libg.a(lib_a-mallocr.o)
                0x0000000000010b20                __malloc_trim_threshold
 .data.rel.__malloc_av_
                0x0000000000010b28      0x810 e:/devkitpro/devkita64/bin/../lib/gcc/aarch64-none-elf/12.1.0/../../../../aarch64-none-elf/lib/pic\libg.a(lib_a-mallocr.o)
                0x0000000000010b28                __malloc_av_
 .data.rel.devoptab_list
                0x0000000000011338       0x80 e:/devkitpro/devkita64/bin/../lib/gcc/aarch64-none-elf/12.1.0/../../../../aarch64-none-elf/lib/pic\libsysbase.a(iosupport.o)
                0x0000000000011338                devoptab_list
 .data.rel.ro.local.dotab_stdnull
                0x00000000000113b8       0xe0 e:/devkitpro/devkita64/bin/../lib/gcc/aarch64-none-elf/12.1.0/../../../../aarch64-none-elf/lib/pic\libsysbase.a(iosupport.o)
                0x00000000000113b8                dotab_stdnull
 .data.defaultDevice
                0x0000000000011498        0x4 e:/devkitpro/devkita64/bin/../lib/gcc/aarch64-none-elf/12.1.0/../../../../aarch64-none-elf/lib/pic\libsysbase.a(iosupport.o)
 *fill*         0x000000000001149c        0x4 
 .data.rel.local.handles
                0x00000000000114a0     0x2000 e:/devkitpro/devkita64/bin/../lib/gcc/aarch64-none-elf/12.1.0/../../../../aarch64-none-elf/lib/pic\libsysbase.a(handle_manager.o)
 .data.__stderr_handle
                0x00000000000134a0       0x10 e:/devkitpro/devkita64/bin/../lib/gcc/aarch64-none-elf/12.1.0/../../../../aarch64-none-elf/lib/pic\libsysbase.a(handle_manager.o)
 .data.__stdout_handle
                0x00000000000134b0       0x10 e:/devkitpro/devkita64/bin/../lib/gcc/aarch64-none-elf/12.1.0/../../../../aarch64-none-elf/lib/pic\libsysbase.a(handle_manager.o)
 .data.__stdin_handle
                0x00000000000134c0       0x10 e:/devkitpro/devkita64/bin/../lib/gcc/aarch64-none-elf/12.1.0/../../../../aarch64-none-elf/lib/pic\libsysbase.a(handle_manager.o)
                0x00000000000134d0                __bss_start__ = .

.bss            0x00000000000134d0    0x2c1c8
 *(.dynbss)
 .dynbss        0x00000000000134d0        0x0 e:/devkitpro/devkita64/bin/../lib/gcc/aarch64-none-elf/12.1.0/pic/crti.o
 *(.bss .bss.* .gnu.linkonce.b.*)
 .bss.completed.1
                0x00000000000134d0        0x1 e:/devkitpro/devkita64/bin/../lib/gcc/aarch64-none-elf/12.1.0/pic/crtbegin.o
 *fill*         0x00000000000134d1        0x7 
 .bss.object.0  0x00000000000134d8       0x30 e:/devkitpro/devkita64/bin/../lib/gcc/aarch64-none-elf/12.1.0/pic/crtbegin.o
 *fill*         0x0000000000013508        0x8 
 .bss           0x0000000000013510    0x293f0 main.o
                0x00000000000136b0                g_nroAddr
                0x00000000000148cc                g_lastRet
                0x00000000000188e0                __nx_fsdev_support_cwd
 .bss.g_randMutex
                0x000000000003c900        0x4 E:/devkitPro/libnx/lib\libnx.a(random.o)
 .bss.g_randInit
                0x000000000003c904        0x1 E:/devkitPro/libnx/lib\libnx.a(random.o)
 *fill*         0x000000000003c905        0xb 
 .bss.g_chacha  0x000000000003c910       0x40 E:/devkitPro/libnx/lib\libnx.a(random.o)
 .bss.g_tlsDestructors
                0x000000000003c950       0xd8 E:/devkitPro/libnx/lib\libnx.a(thread.o)
 .bss.g_tlsUsageMask
                0x000000000003ca28        0x8 E:/devkitPro/libnx/lib\libnx.a(thread.o)
 .bss.g_mainThread
                0x000000000003ca30       0x38 E:/devkitPro/libnx/lib\libnx.a(thread.o)
 .bss.g_threadList
                0x000000000003ca68        0x8 E:/devkitPro/libnx/lib\libnx.a(thread.o)
 .bss.g_threadMutex
                0x000000000003ca70        0x4 E:/devkitPro/libnx/lib\libnx.a(thread.o)
 *fill*         0x000000000003ca74        0x4 
 .bss.g_pmshellGuard
                0x000000000003ca78        0x8 E:/devkitPro/libnx/lib\libnx.a(pm.o)
 .bss.g_pmshellSrv
                0x000000000003ca80       0x10 E:/devkitPro/libnx/lib\libnx.a(pm.o)
 .bss.g_nsGuard
                0x000000000003ca90        0x8 E:/devkitPro/libnx/lib\libnx.a(ns.o)
 .bss.g_nsGetterSrv
                0x000000000003ca98       0x10 E:/devkitPro/libnx/lib\libnx.a(ns.o)
 .bss.g_nsAppManSrv
                0x000000000003caa8       0x10 E:/devkitPro/libnx/lib\libnx.a(ns.o)
 .bss.g_setsysGuard
                0x000000000003cab8        0x8 E:/devkitPro/libnx/lib\libnx.a(set.o)
 .bss.g_setsysSrv
                0x000000000003cac0       0x10 E:/devkitPro/libnx/lib\libnx.a(set.o)
 .bss.g_fsGuard
                0x000000000003cad0        0x8 E:/devkitPro/libnx/lib\libnx.a(fs.o)
 *fill*         0x000000000003cad8        0x8 
 .bss.g_fsSessionMgr
                0x000000000003cae0       0x54 E:/devkitPro/libnx/lib\libnx.a(fs.o)
 *fill*         0x000000000003cb34        0x4 
 .bss.g_fsSrv   0x000000000003cb38       0x10 E:/devkitPro/libnx/lib\libnx.a(fs.o)
 .bss.g_smGuard
                0x000000000003cb48        0x8 E:/devkitPro/libnx/lib\libnx.a(sm.o)
 .bss.g_smOverridesNum
                0x000000000003cb50        0x8 E:/devkitPro/libnx/lib\libnx.a(sm.o)
 .bss.g_smOverrides
                0x000000000003cb58      0x180 E:/devkitPro/libnx/lib\libnx.a(sm.o)
 .bss.g_smSrv   0x000000000003ccd8       0x10 E:/devkitPro/libnx/lib\libnx.a(sm.o)
 .bss.g_hosVersion
                0x000000000003cce8        0x4 E:/devkitPro/libnx/lib\libnx.a(hosversion.o)
 *fill*         0x000000000003ccec        0x4 
 .bss.g_userIdStorage
                0x000000000003ccf0        0x8 E:/devkitPro/libnx/lib\libnx.a(env.o)
 *fill*         0x000000000003ccf8        0x8 
 .bss.g_randomSeed
                0x000000000003cd00       0x10 E:/devkitPro/libnx/lib\libnx.a(env.o)
 .bss.g_hasRandomSeed
                0x000000000003cd10        0x1 E:/devkitPro/libnx/lib\libnx.a(env.o)
 *fill*         0x000000000003cd11        0x3 
 .bss.g_lastLoadResult
                0x000000000003cd14        0x4 E:/devkitPro/libnx/lib\libnx.a(env.o)
 .bss.g_nextLoadArgv
                0x000000000003cd18        0x8 E:/devkitPro/libnx/lib\libnx.a(env.o)
 .bss.g_nextLoadPath
                0x000000000003cd20        0x8 E:/devkitPro/libnx/lib\libnx.a(env.o)
 .bss.g_processHandle
                0x000000000003cd28        0x4 E:/devkitPro/libnx/lib\libnx.a(env.o)
 *fill*         0x000000000003cd2c        0x4 
 .bss.g_syscallHints
                0x000000000003cd30       0x10 E:/devkitPro/libnx/lib\libnx.a(env.o)
 .bss.g_overrideArgv
                0x000000000003cd40        0x8 E:/devkitPro/libnx/lib\libnx.a(env.o)
 .bss.g_overrideHeapSize
                0x000000000003cd48        0x8 E:/devkitPro/libnx/lib\libnx.a(env.o)
 .bss.g_overrideHeapAddr
                0x000000000003cd50        0x8 E:/devkitPro/libnx/lib\libnx.a(env.o)
 .bss.g_loaderRetAddr
                0x000000000003cd58        0x8 E:/devkitPro/libnx/lib\libnx.a(env.o)
 .bss.g_mainThreadHandle
                0x000000000003cd60        0x4 E:/devkitPro/libnx/lib\libnx.a(env.o)
 *fill*         0x000000000003cd64        0x4 
 .bss.g_loaderInfoSize
                0x000000000003cd68        0x8 E:/devkitPro/libnx/lib\libnx.a(env.o)
 .bss.g_loaderInfo
                0x000000000003cd70        0x8 E:/devkitPro/libnx/lib\libnx.a(env.o)
 .bss.g_isNso   0x000000000003cd78        0x1 E:/devkitPro/libnx/lib\libnx.a(env.o)
 *fill*         0x000000000003cd79        0x7 
 .bss.fsdev_fsdevices
                0x000000000003cd80     0x2400 E:/devkitPro/libnx/lib\libnx.a(fs_dev.o)
 .bss.fsdev_fsdevice_cwd
                0x000000000003f180        0x4 E:/devkitPro/libnx/lib\libnx.a(fs_dev.o)
 .bss.fsdev_initialised
                0x000000000003f184        0x1 E:/devkitPro/libnx/lib\libnx.a(fs_dev.o)
 *fill*         0x000000000003f185        0x3 
 .bss.__stack_top
                0x000000000003f188        0x8 E:/devkitPro/libnx/lib\libnx.a(switch_crt0.o)
                0x000000000003f188                __stack_top
 .bss.g_IsLegacyKernel
                0x000000000003f190        0x1 E:/devkitPro/libnx/lib\libnx.a(virtmem.o)
 *fill*         0x000000000003f191        0x7 
 .bss.g_Reservations
                0x000000000003f198        0x8 E:/devkitPro/libnx/lib\libnx.a(virtmem.o)
 .bss.g_StackRegion
                0x000000000003f1a0       0x10 E:/devkitPro/libnx/lib\libnx.a(virtmem.o)
 .bss.g_AslrRegion
                0x000000000003f1b0       0x10 E:/devkitPro/libnx/lib\libnx.a(virtmem.o)
 .bss.g_HeapRegion
                0x000000000003f1c0       0x10 E:/devkitPro/libnx/lib\libnx.a(virtmem.o)
 .bss.g_AliasRegion
                0x000000000003f1d0       0x10 E:/devkitPro/libnx/lib\libnx.a(virtmem.o)
 .bss.g_VirtmemMutex
                0x000000000003f1e0        0x4 E:/devkitPro/libnx/lib\libnx.a(virtmem.o)
 *fill*         0x000000000003f1e4        0x4 
 .bss.g_timeTimeZoneService
                0x000000000003f1e8       0x10 E:/devkitPro/libnx/lib\libnx.a(time.o)
 .bss.g_argv_empty
                0x000000000003f1f8        0x8 E:/devkitPro/libnx/lib\libnx.a(argv.o)
 .bss.__system_argv
                0x000000000003f200        0x8 E:/devkitPro/libnx/lib\libnx.a(argv.o)
                0x000000000003f200                __system_argv
 .bss.__system_argc
                0x000000000003f208        0x4 E:/devkitPro/libnx/lib\libnx.a(argv.o)
                0x000000000003f208                __system_argc
 *fill*         0x000000000003f20c        0x4 
 .bss.__nxlink_host
                0x000000000003f210        0x4 E:/devkitPro/libnx/lib\libnx.a(nxlink.o)
                0x000000000003f210                __nxlink_host
 *fill*         0x000000000003f214        0x4 
 .bss.__malloc_current_mallinfo
                0x000000000003f218       0x28 e:/devkitpro/devkita64/bin/../lib/gcc/aarch64-none-elf/12.1.0/../../../../aarch64-none-elf/lib/pic\libg.a(lib_a-mallocr.o)
                0x000000000003f218                __malloc_current_mallinfo
 .bss.__malloc_max_total_mem
                0x000000000003f240        0x8 e:/devkitpro/devkita64/bin/../lib/gcc/aarch64-none-elf/12.1.0/../../../../aarch64-none-elf/lib/pic\libg.a(lib_a-mallocr.o)
                0x000000000003f240                __malloc_max_total_mem
 .bss.__malloc_max_sbrked_mem
                0x000000000003f248        0x8 e:/devkitpro/devkita64/bin/../lib/gcc/aarch64-none-elf/12.1.0/../../../../aarch64-none-elf/lib/pic\libg.a(lib_a-mallocr.o)
                0x000000000003f248                __malloc_max_sbrked_mem
 .bss.__malloc_top_pad
                0x000000000003f250        0x8 e:/devkitpro/devkita64/bin/../lib/gcc/aarch64-none-elf/12.1.0/../../../../aarch64-none-elf/lib/pic\libg.a(lib_a-mallocr.o)
                0x000000000003f250                __malloc_top_pad
 .bss.__malloc_recursive_mutex
                0x000000000003f258        0xc e:/devkitpro/devkita64/bin/../lib/gcc/aarch64-none-elf/12.1.0/../../../../aarch64-none-elf/lib/pic\libg.a(lib_a-mlock.o)
 *fill*         0x000000000003f264        0x4 
 .bss.heap_start.0
                0x000000000003f268        0x8 e:/devkitpro/devkita64/bin/../lib/gcc/aarch64-none-elf/12.1.0/../../../../aarch64-none-elf/lib/pic\libsysbase.a(sbrk.o)
 .bss.fake_heap_start
                0x000000000003f270        0x8 e:/devkitpro/devkita64/bin/../lib/gcc/aarch64-none-elf/12.1.0/../../../../aarch64-none-elf/lib/pic\libsysbase.a(malloc_vars.o)
                0x000000000003f270                fake_heap_start
 .bss.fake_heap_end
                0x000000000003f278        0x8 e:/devkitpro/devkita64/bin/../lib/gcc/aarch64-none-elf/12.1.0/../../../../aarch64-none-elf/lib/pic\libsysbase.a(malloc_vars.o)
                0x000000000003f278                fake_heap_end
 .bss.__hndl_lock
                0x000000000003f280        0x4 e:/devkitpro/devkita64/bin/../lib/gcc/aarch64-none-elf/12.1.0/../../../../aarch64-none-elf/lib/pic\libsysbase.a(handle_manager.o)
 *(COMMON)
                0x000000000003f288                . = ALIGN (0x8)
 *fill*         0x000000000003f284        0x4 
                0x000000000003f288                __tls_start = .
                0x000000000003f698                . = (. + (SIZEOF (.tdata) + SIZEOF (.tbss)))
 *fill*         0x000000000003f288      0x410 
                0x000000000003f698                __tls_end = .
                0x000000000003f698                __bss_end__ = .
                0x000000000003f698                __end__ = ABSOLUTE (.)
                0x0000000000040000                . = ALIGN (0x1000)
                0x0000000000040000                __argdata__ = ABSOLUTE (.)

/DISCARD/
 *(.group .comment .note)

.stab
 *(.stab)

.stabstr
 *(.stabstr)

.stab.excl
 *(.stab.excl)

.stab.exclstr
 *(.stab.exclstr)

.stab.index
 *(.stab.index)

.stab.indexstr
 *(.stab.indexstr)

.debug
 *(.debug)

.line
 *(.line)

.debug_srcinfo
 *(.debug_srcinfo)

.debug_sfnames
 *(.debug_sfnames)

.debug_aranges  0x0000000000000000     0x69f0
 *(.debug_aranges)
 .debug_aranges
                0x0000000000000000       0x90 main.o
 .debug_aranges
                0x0000000000000090       0x40 trampoline.o
 .debug_aranges
                0x00000000000000d0       0x40 E:/devkitPro/libnx/lib\libnx.a(random.o)
 .debug_aranges
                0x0000000000000110      0x120 E:/devkitPro/libnx/lib\libnx.a(thread.o)
 .debug_aranges
                0x0000000000000230      0x2f0 E:/devkitPro/libnx/lib\libnx.a(pm.o)
 .debug_aranges
                0x0000000000000520      0xeb0 E:/devkitPro/libnx/lib\libnx.a(ns.o)
 .debug_aranges
                0x00000000000013d0     0x1170 E:/devkitPro/libnx/lib\libnx.a(set.o)
 .debug_aranges
                0x0000000000002540       0x60 E:/devkitPro/libnx/lib\libnx.a(fatal.o)
 .debug_aranges
                0x00000000000025a0      0x740 E:/devkitPro/libnx/lib\libnx.a(fs.o)
 .debug_aranges
                0x0000000000002ce0      0x260 E:/devkitPro/libnx/lib\libnx.a(nifm.o)
 .debug_aranges
                0x0000000000002f40      0x160 E:/devkitPro/libnx/lib\libnx.a(sm.o)
 .debug_aranges
                0x00000000000030a0       0x50 E:/devkitPro/libnx/lib\libnx.a(hosversion.o)
 .debug_aranges
                0x00000000000030f0      0x160 E:/devkitPro/libnx/lib\libnx.a(env.o)
 .debug_aranges
                0x0000000000003250       0x50 E:/devkitPro/libnx/lib\libnx.a(alloc.o)
 .debug_aranges
                0x00000000000032a0       0x30 E:/devkitPro/libnx/lib\libnx.a(diag.o)
 .debug_aranges
                0x00000000000032d0      0x350 E:/devkitPro/libnx/lib\libnx.a(fs_dev.o)
 .debug_aranges
                0x0000000000003620       0x30 E:/devkitPro/libnx/lib\libnx.a(decode_utf8.o)
 .debug_aranges
                0x0000000000003650      0x7f0 E:/devkitPro/libnx/lib\libnx.a(svc.o)
 .debug_aranges
                0x0000000000003e40       0x30 E:/devkitPro/libnx/lib\libnx.a(readtp.o)
 .debug_aranges
                0x0000000000003e70       0x30 E:/devkitPro/libnx/lib\libnx.a(switch_crt0.o)
 .debug_aranges
                0x0000000000003ea0       0x40 E:/devkitPro/libnx/lib\libnx.a(wait.o)
 .debug_aranges
                0x0000000000003ee0       0x80 E:/devkitPro/libnx/lib\libnx.a(tmem.o)
 .debug_aranges
                0x0000000000003f60       0x90 E:/devkitPro/libnx/lib\libnx.a(mutex.o)
 .debug_aranges
                0x0000000000003ff0       0xd0 E:/devkitPro/libnx/lib\libnx.a(virtmem.o)
 .debug_aranges
                0x00000000000040c0       0x80 E:/devkitPro/libnx/lib\libnx.a(event.o)
 .debug_aranges
                0x0000000000004140       0x60 E:/devkitPro/libnx/lib\libnx.a(sessionmgr.o)
 .debug_aranges
                0x00000000000041a0      0x1d0 E:/devkitPro/libnx/lib\libnx.a(time.o)
 .debug_aranges
                0x0000000000004370       0x30 E:/devkitPro/libnx/lib\libnx.a(dynamic.o)
 .debug_aranges
                0x00000000000043a0       0x70 E:/devkitPro/libnx/lib\libnx.a(init.o)
 .debug_aranges
                0x0000000000004410      0x1f0 E:/devkitPro/libnx/lib\libnx.a(newlib.o)
 .debug_aranges
                0x0000000000004600       0x30 E:/devkitPro/libnx/lib\libnx.a(argv.o)
 .debug_aranges
                0x0000000000004630       0x20 E:/devkitPro/libnx/lib\libnx.a(path_buf.o)
 .debug_aranges
                0x0000000000004650       0x70 E:/devkitPro/libnx/lib\libnx.a(shmem.o)
 .debug_aranges
                0x00000000000046c0       0x30 E:/devkitPro/libnx/lib\libnx.a(condvar.o)
 .debug_aranges
                0x00000000000046f0     0x17d0 E:/devkitPro/libnx/lib\libnx.a(applet.o)
 .debug_aranges
                0x0000000000005ec0      0xa50 E:/devkitPro/libnx/lib\libnx.a(hid.o)
 .debug_aranges
                0x0000000000006910       0x30 E:/devkitPro/libnx/lib\libnx.a(nxlink.o)
 .debug_aranges
                0x0000000000006940       0xb0 E:/devkitPro/libnx/lib\libnx.a(apm.o)

.debug_pubnames
 *(.debug_pubnames)

.debug_info     0x0000000000000000   0x10e101
 *(.debug_info)
 .debug_info    0x0000000000000000     0x295a main.o
 .debug_info    0x000000000000295a       0x22 trampoline.o
 .debug_info    0x000000000000297c      0x982 E:/devkitPro/libnx/lib\libnx.a(random.o)
 .debug_info    0x00000000000032fe     0x1d91 E:/devkitPro/libnx/lib\libnx.a(thread.o)
 .debug_info    0x000000000000508f     0x7be5 E:/devkitPro/libnx/lib\libnx.a(pm.o)
 .debug_info    0x000000000000cc74    0x2de30 E:/devkitPro/libnx/lib\libnx.a(ns.o)
 .debug_info    0x000000000003aaa4    0x364a8 E:/devkitPro/libnx/lib\libnx.a(set.o)
 .debug_info    0x0000000000070f4c     0x2702 E:/devkitPro/libnx/lib\libnx.a(fatal.o)
 .debug_info    0x000000000007364e    0x1e89e E:/devkitPro/libnx/lib\libnx.a(fs.o)
 .debug_info    0x0000000000091eec     0x93bb E:/devkitPro/libnx/lib\libnx.a(nifm.o)
 .debug_info    0x000000000009b2a7     0x482d E:/devkitPro/libnx/lib\libnx.a(sm.o)
 .debug_info    0x000000000009fad4      0x12e E:/devkitPro/libnx/lib\libnx.a(hosversion.o)
 .debug_info    0x000000000009fc02      0x9b9 E:/devkitPro/libnx/lib\libnx.a(env.o)
 .debug_info    0x00000000000a05bb      0x1e3 E:/devkitPro/libnx/lib\libnx.a(alloc.o)
 .debug_info    0x00000000000a079e      0x18b E:/devkitPro/libnx/lib\libnx.a(diag.o)
 .debug_info    0x00000000000a0929     0x59d4 E:/devkitPro/libnx/lib\libnx.a(fs_dev.o)
 .debug_info    0x00000000000a62fd      0x172 E:/devkitPro/libnx/lib\libnx.a(decode_utf8.o)
 .debug_info    0x00000000000a646f       0x22 E:/devkitPro/libnx/lib\libnx.a(svc.o)
 .debug_info    0x00000000000a6491       0x2e E:/devkitPro/libnx/lib\libnx.a(readtp.o)
 .debug_info    0x00000000000a64bf       0x2e E:/devkitPro/libnx/lib\libnx.a(switch_crt0.o)
 .debug_info    0x00000000000a64ed     0x1022 E:/devkitPro/libnx/lib\libnx.a(wait.o)
 .debug_info    0x00000000000a750f      0x73e E:/devkitPro/libnx/lib\libnx.a(tmem.o)
 .debug_info    0x00000000000a7c4d      0xc09 E:/devkitPro/libnx/lib\libnx.a(mutex.o)
 .debug_info    0x00000000000a8856     0x1199 E:/devkitPro/libnx/lib\libnx.a(virtmem.o)
 .debug_info    0x00000000000a99ef      0x734 E:/devkitPro/libnx/lib\libnx.a(event.o)
 .debug_info    0x00000000000aa123     0x128c E:/devkitPro/libnx/lib\libnx.a(sessionmgr.o)
 .debug_info    0x00000000000ab3af     0x7e27 E:/devkitPro/libnx/lib\libnx.a(time.o)
 .debug_info    0x00000000000b31d6      0x3ec E:/devkitPro/libnx/lib\libnx.a(dynamic.o)
 .debug_info    0x00000000000b35c2      0xd1c E:/devkitPro/libnx/lib\libnx.a(init.o)
 .debug_info    0x00000000000b42de     0x27ab E:/devkitPro/libnx/lib\libnx.a(newlib.o)
 .debug_info    0x00000000000b6a89      0x4fc E:/devkitPro/libnx/lib\libnx.a(argv.o)
 .debug_info    0x00000000000b6f85       0x91 E:/devkitPro/libnx/lib\libnx.a(path_buf.o)
 .debug_info    0x00000000000b7016      0x5c5 E:/devkitPro/libnx/lib\libnx.a(shmem.o)
 .debug_info    0x00000000000b75db      0x397 E:/devkitPro/libnx/lib\libnx.a(condvar.o)
 .debug_info    0x00000000000b7972    0x36f75 E:/devkitPro/libnx/lib\libnx.a(applet.o)
 .debug_info    0x00000000000ee8e7    0x1c78a E:/devkitPro/libnx/lib\libnx.a(hid.o)